running egg_info
writing ../../build/turtle_patrol/turtle_patrol.egg-info/PKG-INFO
writing dependency_links to ../../build/turtle_patrol/turtle_patrol.egg-info/dependency_links.txt
writing entry points to ../../build/turtle_patrol/turtle_patrol.egg-info/entry_points.txt
writing requirements to ../../build/turtle_patrol/turtle_patrol.egg-info/requires.txt
writing top-level names to ../../build/turtle_patrol/turtle_patrol.egg-info/top_level.txt
reading manifest file '../../build/turtle_patrol/turtle_patrol.egg-info/SOURCES.txt'
writing manifest file '../../build/turtle_patrol/turtle_patrol.egg-info/SOURCES.txt'
running build
running build_py
copying turtle_patrol/multi_patrol_server.py -> /home/cc/ee106a/fa26/class/ee106a-act/ros_workspaces/lab2/build/turtle_patrol/build/lib/turtle_patrol
running install
running install_lib
copying /home/cc/ee106a/fa26/class/ee106a-act/ros_workspaces/lab2/build/turtle_patrol/build/lib/turtle_patrol/multi_patrol_server.py -> /home/cc/ee106a/fa26/class/ee106a-act/ros_workspaces/lab2/install/turtle_patrol/lib/python3.10/site-packages/turtle_patrol
byte-compiling /home/cc/ee106a/fa26/class/ee106a-act/ros_workspaces/lab2/install/turtle_patrol/lib/python3.10/site-packages/turtle_patrol/multi_patrol_server.py to multi_patrol_server.cpython-310.pyc
running install_data
running install_egg_info
removing '/home/cc/ee106a/fa26/class/ee106a-act/ros_workspaces/lab2/install/turtle_patrol/lib/python3.10/site-packages/turtle_patrol-0.0.0-py3.10.egg-info' (and everything under it)
Copying ../../build/turtle_patrol/turtle_patrol.egg-info to /home/cc/ee106a/fa26/class/ee106a-act/ros_workspaces/lab2/install/turtle_patrol/lib/python3.10/site-packages/turtle_patrol-0.0.0-py3.10.egg-info
running install_scripts
Installing patrol_client script to /home/cc/ee106a/fa26/class/ee106a-act/ros_workspaces/lab2/install/turtle_patrol/lib/turtle_patrol
Installing patrol_client_sol script to /home/cc/ee106a/fa26/class/ee106a-act/ros_workspaces/lab2/install/turtle_patrol/lib/turtle_patrol
Installing patrol_server script to /home/cc/ee106a/fa26/class/ee106a-act/ros_workspaces/lab2/install/turtle_patrol/lib/turtle_patrol
Installing patrol_server_sol script to /home/cc/ee106a/fa26/class/ee106a-act/ros_workspaces/lab2/install/turtle_patrol/lib/turtle_patrol
writing list of installed files to '/home/cc/ee106a/fa26/class/ee106a-act/ros_workspaces/lab2/build/turtle_patrol/install.log'
