[1.031s] Invoking command in '/home/cc/ee106a/fa26/class/ee106a-act/ros_workspaces/lab2/src/turtle_patrol': PYTHONPATH=/home/cc/ee106a/fa26/class/ee106a-act/ros_workspaces/lab2/src/build/turtle_patrol/prefix_override:/usr/lib/python3/dist-packages/colcon_core/task/python/colcon_distutils_commands:/home/cc/ee106a/fa26/class/ee106a-act/ros_workspaces/lab2/src/install/turtle_patrol/lib/python3.10/site-packages:${PYTHONPATH} /usr/bin/python3 -W ignore:setup.py install is deprecated -W ignore:easy_install command is deprecated setup.py egg_info --egg-base ../build/turtle_patrol build --build-base /home/cc/ee106a/fa26/class/ee106a-act/ros_workspaces/lab2/src/build/turtle_patrol/build install --record /home/cc/ee106a/fa26/class/ee106a-act/ros_workspaces/lab2/src/build/turtle_patrol/install.log --install-scripts $base/lib/turtle_patrol --single-version-externally-managed install_data
[1.217s] running egg_info
[1.218s] creating ../build/turtle_patrol/turtle_patrol.egg-info
[1.220s] writing ../build/turtle_patrol/turtle_patrol.egg-info/PKG-INFO
[1.226s] writing dependency_links to ../build/turtle_patrol/turtle_patrol.egg-info/dependency_links.txt
[1.230s] writing entry points to ../build/turtle_patrol/turtle_patrol.egg-info/entry_points.txt
[1.233s] writing requirements to ../build/turtle_patrol/turtle_patrol.egg-info/requires.txt
[1.236s] writing top-level names to ../build/turtle_patrol/turtle_patrol.egg-info/top_level.txt
[1.239s] writing manifest file '../build/turtle_patrol/turtle_patrol.egg-info/SOURCES.txt'
[1.246s] reading manifest file '../build/turtle_patrol/turtle_patrol.egg-info/SOURCES.txt'
[1.248s] writing manifest file '../build/turtle_patrol/turtle_patrol.egg-info/SOURCES.txt'
[1.250s] running build
[1.250s] running build_py
[1.251s] creating /home/cc/ee106a/fa26/class/ee106a-act/ros_workspaces/lab2/src/build/turtle_patrol/build
[1.252s] creating /home/cc/ee106a/fa26/class/ee106a-act/ros_workspaces/lab2/src/build/turtle_patrol/build/lib
[1.254s] creating /home/cc/ee106a/fa26/class/ee106a-act/ros_workspaces/lab2/src/build/turtle_patrol/build/lib/turtle_patrol
[1.256s] copying turtle_patrol/__init__.py -> /home/cc/ee106a/fa26/class/ee106a-act/ros_workspaces/lab2/src/build/turtle_patrol/build/lib/turtle_patrol
[1.260s] copying turtle_patrol/patrol_server.py -> /home/cc/ee106a/fa26/class/ee106a-act/ros_workspaces/lab2/src/build/turtle_patrol/build/lib/turtle_patrol
[1.265s] copying turtle_patrol/patrol_client.py -> /home/cc/ee106a/fa26/class/ee106a-act/ros_workspaces/lab2/src/build/turtle_patrol/build/lib/turtle_patrol
[1.270s] running install
[1.270s] running install_lib
[1.274s] creating /home/cc/ee106a/fa26/class/ee106a-act/ros_workspaces/lab2/src/install/turtle_patrol/lib/python3.10/site-packages/turtle_patrol
[1.276s] copying /home/cc/ee106a/fa26/class/ee106a-act/ros_workspaces/lab2/src/build/turtle_patrol/build/lib/turtle_patrol/patrol_client.py -> /home/cc/ee106a/fa26/class/ee106a-act/ros_workspaces/lab2/src/install/turtle_patrol/lib/python3.10/site-packages/turtle_patrol
[1.280s] copying /home/cc/ee106a/fa26/class/ee106a-act/ros_workspaces/lab2/src/build/turtle_patrol/build/lib/turtle_patrol/patrol_server.py -> /home/cc/ee106a/fa26/class/ee106a-act/ros_workspaces/lab2/src/install/turtle_patrol/lib/python3.10/site-packages/turtle_patrol
[1.285s] copying /home/cc/ee106a/fa26/class/ee106a-act/ros_workspaces/lab2/src/build/turtle_patrol/build/lib/turtle_patrol/__init__.py -> /home/cc/ee106a/fa26/class/ee106a-act/ros_workspaces/lab2/src/install/turtle_patrol/lib/python3.10/site-packages/turtle_patrol
[1.290s] byte-compiling /home/cc/ee106a/fa26/class/ee106a-act/ros_workspaces/lab2/src/install/turtle_patrol/lib/python3.10/site-packages/turtle_patrol/patrol_client.py to patrol_client.cpython-310.pyc
[1.298s] byte-compiling /home/cc/ee106a/fa26/class/ee106a-act/ros_workspaces/lab2/src/install/turtle_patrol/lib/python3.10/site-packages/turtle_patrol/patrol_server.py to patrol_server.cpython-310.pyc
[1.304s] byte-compiling /home/cc/ee106a/fa26/class/ee106a-act/ros_workspaces/lab2/src/install/turtle_patrol/lib/python3.10/site-packages/turtle_patrol/__init__.py to __init__.cpython-310.pyc
[1.310s] running install_data
[1.310s] creating /home/cc/ee106a/fa26/class/ee106a-act/ros_workspaces/lab2/src/install/turtle_patrol/share/ament_index
[1.312s] creating /home/cc/ee106a/fa26/class/ee106a-act/ros_workspaces/lab2/src/install/turtle_patrol/share/ament_index/resource_index
[1.313s] creating /home/cc/ee106a/fa26/class/ee106a-act/ros_workspaces/lab2/src/install/turtle_patrol/share/ament_index/resource_index/packages
[1.315s] copying resource/turtle_patrol -> /home/cc/ee106a/fa26/class/ee106a-act/ros_workspaces/lab2/src/install/turtle_patrol/share/ament_index/resource_index/packages
[1.320s] copying package.xml -> /home/cc/ee106a/fa26/class/ee106a-act/ros_workspaces/lab2/src/install/turtle_patrol/share/turtle_patrol
[1.324s] running install_egg_info
[1.331s] Copying ../build/turtle_patrol/turtle_patrol.egg-info to /home/cc/ee106a/fa26/class/ee106a-act/ros_workspaces/lab2/src/install/turtle_patrol/lib/python3.10/site-packages/turtle_patrol-0.0.0-py3.10.egg-info
[1.369s] running install_scripts
[1.391s] Installing patrol_client script to /home/cc/ee106a/fa26/class/ee106a-act/ros_workspaces/lab2/src/install/turtle_patrol/lib/turtle_patrol
[1.396s] Installing patrol_client_sol script to /home/cc/ee106a/fa26/class/ee106a-act/ros_workspaces/lab2/src/install/turtle_patrol/lib/turtle_patrol
[1.399s] Installing patrol_server script to /home/cc/ee106a/fa26/class/ee106a-act/ros_workspaces/lab2/src/install/turtle_patrol/lib/turtle_patrol
[1.403s] Installing patrol_server_sol script to /home/cc/ee106a/fa26/class/ee106a-act/ros_workspaces/lab2/src/install/turtle_patrol/lib/turtle_patrol
[1.406s] writing list of installed files to '/home/cc/ee106a/fa26/class/ee106a-act/ros_workspaces/lab2/src/build/turtle_patrol/install.log'
[1.451s] Invoked command in '/home/cc/ee106a/fa26/class/ee106a-act/ros_workspaces/lab2/src/turtle_patrol' returned '0': PYTHONPATH=/home/cc/ee106a/fa26/class/ee106a-act/ros_workspaces/lab2/src/build/turtle_patrol/prefix_override:/usr/lib/python3/dist-packages/colcon_core/task/python/colcon_distutils_commands:/home/cc/ee106a/fa26/class/ee106a-act/ros_workspaces/lab2/src/install/turtle_patrol/lib/python3.10/site-packages:${PYTHONPATH} /usr/bin/python3 -W ignore:setup.py install is deprecated -W ignore:easy_install command is deprecated setup.py egg_info --egg-base ../build/turtle_patrol build --build-base /home/cc/ee106a/fa26/class/ee106a-act/ros_workspaces/lab2/src/build/turtle_patrol/build install --record /home/cc/ee106a/fa26/class/ee106a-act/ros_workspaces/lab2/src/build/turtle_patrol/install.log --install-scripts $base/lib/turtle_patrol --single-version-externally-managed install_data
