running egg_info
creating ../../build/straight_line/straight_line.egg-info
writing ../../build/straight_line/straight_line.egg-info/PKG-INFO
writing dependency_links to ../../build/straight_line/straight_line.egg-info/dependency_links.txt
writing entry points to ../../build/straight_line/straight_line.egg-info/entry_points.txt
writing requirements to ../../build/straight_line/straight_line.egg-info/requires.txt
writing top-level names to ../../build/straight_line/straight_line.egg-info/top_level.txt
writing manifest file '../../build/straight_line/straight_line.egg-info/SOURCES.txt'
reading manifest file '../../build/straight_line/straight_line.egg-info/SOURCES.txt'
adding license file 'LICENSE'
writing manifest file '../../build/straight_line/straight_line.egg-info/SOURCES.txt'
running build
running build_py
creating /home/cc/ee106a/fa26/class/ee106a-act/ros_workspaces/lab3/build/straight_line/build
creating /home/cc/ee106a/fa26/class/ee106a-act/ros_workspaces/lab3/build/straight_line/build/lib
creating /home/cc/ee106a/fa26/class/ee106a-act/ros_workspaces/lab3/build/straight_line/build/lib/straight_line
copying straight_line/straight_line_server.py -> /home/cc/ee106a/fa26/class/ee106a-act/ros_workspaces/lab3/build/straight_line/build/lib/straight_line
copying straight_line/__init__.py -> /home/cc/ee106a/fa26/class/ee106a-act/ros_workspaces/lab3/build/straight_line/build/lib/straight_line
running install
running install_lib
creating /home/cc/ee106a/fa26/class/ee106a-act/ros_workspaces/lab3/install/straight_line/lib/python3.10/site-packages/straight_line
copying /home/cc/ee106a/fa26/class/ee106a-act/ros_workspaces/lab3/build/straight_line/build/lib/straight_line/straight_line_server.py -> /home/cc/ee106a/fa26/class/ee106a-act/ros_workspaces/lab3/install/straight_line/lib/python3.10/site-packages/straight_line
copying /home/cc/ee106a/fa26/class/ee106a-act/ros_workspaces/lab3/build/straight_line/build/lib/straight_line/__init__.py -> /home/cc/ee106a/fa26/class/ee106a-act/ros_workspaces/lab3/install/straight_line/lib/python3.10/site-packages/straight_line
byte-compiling /home/cc/ee106a/fa26/class/ee106a-act/ros_workspaces/lab3/install/straight_line/lib/python3.10/site-packages/straight_line/straight_line_server.py to straight_line_server.cpython-310.pyc
byte-compiling /home/cc/ee106a/fa26/class/ee106a-act/ros_workspaces/lab3/install/straight_line/lib/python3.10/site-packages/straight_line/__init__.py to __init__.cpython-310.pyc
  File "/home/cc/ee106a/fa26/class/ee106a-act/ros_workspaces/lab3/install/straight_line/lib/python3.10/site-packages/straight_line/straight_line_server.py", line 48
    'move_straight',
    ^^^^^^^^^^^^^^^
SyntaxError: invalid syntax

running install_data
creating /home/cc/ee106a/fa26/class/ee106a-act/ros_workspaces/lab3/install/straight_line/share/ament_index
creating /home/cc/ee106a/fa26/class/ee106a-act/ros_workspaces/lab3/install/straight_line/share/ament_index/resource_index
creating /home/cc/ee106a/fa26/class/ee106a-act/ros_workspaces/lab3/install/straight_line/share/ament_index/resource_index/packages
copying resource/straight_line -> /home/cc/ee106a/fa26/class/ee106a-act/ros_workspaces/lab3/install/straight_line/share/ament_index/resource_index/packages
copying package.xml -> /home/cc/ee106a/fa26/class/ee106a-act/ros_workspaces/lab3/install/straight_line/share/straight_line
running install_egg_info
Copying ../../build/straight_line/straight_line.egg-info to /home/cc/ee106a/fa26/class/ee106a-act/ros_workspaces/lab3/install/straight_line/lib/python3.10/site-packages/straight_line-0.0.0-py3.10.egg-info
running install_scripts
Installing straight_line_server script to /home/cc/ee106a/fa26/class/ee106a-act/ros_workspaces/lab3/install/straight_line/lib/straight_line
writing list of installed files to '/home/cc/ee106a/fa26/class/ee106a-act/ros_workspaces/lab3/build/straight_line/install.log'
