[0.779s] Invoking command in '/home/cc/ee106a/fa26/class/ee106a-act/ros_workspaces/lab3/src/straight_line': AMENT_PREFIX_PATH=/home/cc/ee106a/fa26/class/ee106a-act/ros_workspaces/lab3/install/straight_line_interface:${AMENT_PREFIX_PATH} CMAKE_PREFIX_PATH=/home/cc/ee106a/fa26/class/ee106a-act/ros_workspaces/lab3/install/straight_line_interface LD_LIBRARY_PATH=/home/cc/ee106a/fa26/class/ee106a-act/ros_workspaces/lab3/install/straight_line_interface/lib:${LD_LIBRARY_PATH} PYTHONPATH=/home/cc/ee106a/fa26/class/ee106a-act/ros_workspaces/lab3/build/straight_line/prefix_override:/usr/lib/python3/dist-packages/colcon_core/task/python/colcon_distutils_commands:/home/cc/ee106a/fa26/class/ee106a-act/ros_workspaces/lab3/install/straight_line/lib/python3.10/site-packages:/home/cc/ee106a/fa26/class/ee106a-act/ros_workspaces/lab3/install/straight_line_interface/local/lib/python3.10/dist-packages:${PYTHONPATH} /usr/bin/python3 -W ignore:setup.py install is deprecated -W ignore:easy_install command is deprecated setup.py egg_info --egg-base ../../build/straight_line build --build-base /home/cc/ee106a/fa26/class/ee106a-act/ros_workspaces/lab3/build/straight_line/build install --record /home/cc/ee106a/fa26/class/ee106a-act/ros_workspaces/lab3/build/straight_line/install.log --install-scripts $base/lib/straight_line --single-version-externally-managed install_data
[0.979s] running egg_info
[0.980s] creating ../../build/straight_line/straight_line.egg-info
[0.982s] writing ../../build/straight_line/straight_line.egg-info/PKG-INFO
[0.987s] writing dependency_links to ../../build/straight_line/straight_line.egg-info/dependency_links.txt
[0.990s] writing entry points to ../../build/straight_line/straight_line.egg-info/entry_points.txt
[0.993s] writing requirements to ../../build/straight_line/straight_line.egg-info/requires.txt
[0.995s] writing top-level names to ../../build/straight_line/straight_line.egg-info/top_level.txt
[0.998s] writing manifest file '../../build/straight_line/straight_line.egg-info/SOURCES.txt'
[1.005s] reading manifest file '../../build/straight_line/straight_line.egg-info/SOURCES.txt'
[1.006s] adding license file 'LICENSE'
[1.007s] writing manifest file '../../build/straight_line/straight_line.egg-info/SOURCES.txt'
[1.008s] running build
[1.008s] running build_py
[1.009s] creating /home/cc/ee106a/fa26/class/ee106a-act/ros_workspaces/lab3/build/straight_line/build
[1.010s] creating /home/cc/ee106a/fa26/class/ee106a-act/ros_workspaces/lab3/build/straight_line/build/lib
[1.011s] creating /home/cc/ee106a/fa26/class/ee106a-act/ros_workspaces/lab3/build/straight_line/build/lib/straight_line
[1.013s] copying straight_line/straight_line_server.py -> /home/cc/ee106a/fa26/class/ee106a-act/ros_workspaces/lab3/build/straight_line/build/lib/straight_line
[1.019s] copying straight_line/__init__.py -> /home/cc/ee106a/fa26/class/ee106a-act/ros_workspaces/lab3/build/straight_line/build/lib/straight_line
[1.022s] running install
[1.023s] running install_lib
[1.026s] creating /home/cc/ee106a/fa26/class/ee106a-act/ros_workspaces/lab3/install/straight_line/lib/python3.10/site-packages/straight_line
[1.028s] copying /home/cc/ee106a/fa26/class/ee106a-act/ros_workspaces/lab3/build/straight_line/build/lib/straight_line/straight_line_server.py -> /home/cc/ee106a/fa26/class/ee106a-act/ros_workspaces/lab3/install/straight_line/lib/python3.10/site-packages/straight_line
[1.033s] copying /home/cc/ee106a/fa26/class/ee106a-act/ros_workspaces/lab3/build/straight_line/build/lib/straight_line/__init__.py -> /home/cc/ee106a/fa26/class/ee106a-act/ros_workspaces/lab3/install/straight_line/lib/python3.10/site-packages/straight_line
[1.039s] byte-compiling /home/cc/ee106a/fa26/class/ee106a-act/ros_workspaces/lab3/install/straight_line/lib/python3.10/site-packages/straight_line/straight_line_server.py to straight_line_server.cpython-310.pyc
[1.040s] byte-compiling /home/cc/ee106a/fa26/class/ee106a-act/ros_workspaces/lab3/install/straight_line/lib/python3.10/site-packages/straight_line/__init__.py to __init__.cpython-310.pyc
[1.040s]   File "/home/cc/ee106a/fa26/class/ee106a-act/ros_workspaces/lab3/install/straight_line/lib/python3.10/site-packages/straight_line/straight_line_server.py", line 48
[1.040s]     'move_straight',
[1.041s]     ^^^^^^^^^^^^^^^
[1.041s] SyntaxError: invalid syntax
[1.041s] 
[1.047s] running install_data
[1.048s] creating /home/cc/ee106a/fa26/class/ee106a-act/ros_workspaces/lab3/install/straight_line/share/ament_index
[1.049s] creating /home/cc/ee106a/fa26/class/ee106a-act/ros_workspaces/lab3/install/straight_line/share/ament_index/resource_index
[1.050s] creating /home/cc/ee106a/fa26/class/ee106a-act/ros_workspaces/lab3/install/straight_line/share/ament_index/resource_index/packages
[1.052s] copying resource/straight_line -> /home/cc/ee106a/fa26/class/ee106a-act/ros_workspaces/lab3/install/straight_line/share/ament_index/resource_index/packages
[1.056s] copying package.xml -> /home/cc/ee106a/fa26/class/ee106a-act/ros_workspaces/lab3/install/straight_line/share/straight_line
[1.061s] running install_egg_info
[1.067s] Copying ../../build/straight_line/straight_line.egg-info to /home/cc/ee106a/fa26/class/ee106a-act/ros_workspaces/lab3/install/straight_line/lib/python3.10/site-packages/straight_line-0.0.0-py3.10.egg-info
[1.104s] running install_scripts
[1.136s] Installing straight_line_server script to /home/cc/ee106a/fa26/class/ee106a-act/ros_workspaces/lab3/install/straight_line/lib/straight_line
[1.141s] writing list of installed files to '/home/cc/ee106a/fa26/class/ee106a-act/ros_workspaces/lab3/build/straight_line/install.log'
[1.157s] Invoked command in '/home/cc/ee106a/fa26/class/ee106a-act/ros_workspaces/lab3/src/straight_line' returned '0': AMENT_PREFIX_PATH=/home/cc/ee106a/fa26/class/ee106a-act/ros_workspaces/lab3/install/straight_line_interface:${AMENT_PREFIX_PATH} CMAKE_PREFIX_PATH=/home/cc/ee106a/fa26/class/ee106a-act/ros_workspaces/lab3/install/straight_line_interface LD_LIBRARY_PATH=/home/cc/ee106a/fa26/class/ee106a-act/ros_workspaces/lab3/install/straight_line_interface/lib:${LD_LIBRARY_PATH} PYTHONPATH=/home/cc/ee106a/fa26/class/ee106a-act/ros_workspaces/lab3/build/straight_line/prefix_override:/usr/lib/python3/dist-packages/colcon_core/task/python/colcon_distutils_commands:/home/cc/ee106a/fa26/class/ee106a-act/ros_workspaces/lab3/install/straight_line/lib/python3.10/site-packages:/home/cc/ee106a/fa26/class/ee106a-act/ros_workspaces/lab3/install/straight_line_interface/local/lib/python3.10/dist-packages:${PYTHONPATH} /usr/bin/python3 -W ignore:setup.py install is deprecated -W ignore:easy_install command is deprecated setup.py egg_info --egg-base ../../build/straight_line build --build-base /home/cc/ee106a/fa26/class/ee106a-act/ros_workspaces/lab3/build/straight_line/build install --record /home/cc/ee106a/fa26/class/ee106a-act/ros_workspaces/lab3/build/straight_line/install.log --install-scripts $base/lib/straight_line --single-version-externally-managed install_data
