[0.367s] Invoking command in '/home/cc/ee106a/fa26/class/ee106a-act/ros_workspaces/lab4/build/usb_cam': CMAKE_PREFIX_PATH=${CMAKE_PREFIX_PATH}:/home/cc/ee106a/fa26/class/ee106a-act/ros_workspaces/lab4/install/turtlebot_controller:/home/cc/ee106a/fa26/class/ee106a-act/ros_workspaces/lab4/install/ros2_aruco:/opt/ros/turtlebot3_ws/install/turtlebot3_teleop:/opt/ros/turtlebot3_ws/install/turtlebot3_example:/opt/ros/humble /usr/bin/cmake --build /home/cc/ee106a/fa26/class/ee106a-act/ros_workspaces/lab4/build/usb_cam -- -j32 -l32
[0.637s] [ 57%] Built target usb_cam_node_exe
[0.637s] [ 57%] Built target gtest_main
[0.637s] [ 57%] Built target gtest
[0.638s] [ 57%] Built target usb_cam
[0.727s] [100%] Built target test_pixel_formats
[0.727s] [100%] Built target test_usb_cam_utils
[0.728s] [100%] Built target usb_cam_node
[0.780s] Invoked command in '/home/cc/ee106a/fa26/class/ee106a-act/ros_workspaces/lab4/build/usb_cam' returned '0': CMAKE_PREFIX_PATH=${CMAKE_PREFIX_PATH}:/home/cc/ee106a/fa26/class/ee106a-act/ros_workspaces/lab4/install/turtlebot_controller:/home/cc/ee106a/fa26/class/ee106a-act/ros_workspaces/lab4/install/ros2_aruco:/opt/ros/turtlebot3_ws/install/turtlebot3_teleop:/opt/ros/turtlebot3_ws/install/turtlebot3_example:/opt/ros/humble /usr/bin/cmake --build /home/cc/ee106a/fa26/class/ee106a-act/ros_workspaces/lab4/build/usb_cam -- -j32 -l32
[0.802s] Invoking command in '/home/cc/ee106a/fa26/class/ee106a-act/ros_workspaces/lab4/build/usb_cam': CMAKE_PREFIX_PATH=${CMAKE_PREFIX_PATH}:/home/cc/ee106a/fa26/class/ee106a-act/ros_workspaces/lab4/install/turtlebot_controller:/home/cc/ee106a/fa26/class/ee106a-act/ros_workspaces/lab4/install/ros2_aruco:/opt/ros/turtlebot3_ws/install/turtlebot3_teleop:/opt/ros/turtlebot3_ws/install/turtlebot3_example:/opt/ros/humble /usr/bin/cmake --install /home/cc/ee106a/fa26/class/ee106a-act/ros_workspaces/lab4/build/usb_cam
[0.813s] -- Install configuration: ""
[0.813s] -- Up-to-date: /home/cc/ee106a/fa26/class/ee106a-act/ros_workspaces/lab4/install/usb_cam/share/usb_cam/environment/library_path.sh
[0.815s] -- Up-to-date: /home/cc/ee106a/fa26/class/ee106a-act/ros_workspaces/lab4/install/usb_cam/share/usb_cam/environment/library_path.dsv
[0.819s] -- Up-to-date: /home/cc/ee106a/fa26/class/ee106a-act/ros_workspaces/lab4/install/usb_cam/lib/usb_cam/usb_cam_node_exe
[0.824s] -- Up-to-date: /home/cc/ee106a/fa26/class/ee106a-act/ros_workspaces/lab4/install/usb_cam/lib/usb_cam/show_image.py
[0.827s] -- Up-to-date: /home/cc/ee106a/fa26/class/ee106a-act/ros_workspaces/lab4/install/usb_cam/lib/libusb_cam.so
[0.832s] -- Up-to-date: /home/cc/ee106a/fa26/class/ee106a-act/ros_workspaces/lab4/install/usb_cam/lib/libusb_cam_node.so
[0.836s] -- Up-to-date: /home/cc/ee106a/fa26/class/ee106a-act/ros_workspaces/lab4/install/usb_cam/include
[0.837s] -- Up-to-date: /home/cc/ee106a/fa26/class/ee106a-act/ros_workspaces/lab4/install/usb_cam/include/usb_cam
[0.839s] -- Up-to-date: /home/cc/ee106a/fa26/class/ee106a-act/ros_workspaces/lab4/install/usb_cam/include/usb_cam/conversions.hpp
[0.840s] -- Up-to-date: /home/cc/ee106a/fa26/class/ee106a-act/ros_workspaces/lab4/install/usb_cam/include/usb_cam/usb_cam_node.hpp
[0.841s] -- Up-to-date: /home/cc/ee106a/fa26/class/ee106a-act/ros_workspaces/lab4/install/usb_cam/include/usb_cam/usb_cam.hpp
[0.842s] -- Up-to-date: /home/cc/ee106a/fa26/class/ee106a-act/ros_workspaces/lab4/install/usb_cam/include/usb_cam/formats
[0.844s] -- Up-to-date: /home/cc/ee106a/fa26/class/ee106a-act/ros_workspaces/lab4/install/usb_cam/include/usb_cam/formats/rgb.hpp
[0.845s] -- Up-to-date: /home/cc/ee106a/fa26/class/ee106a-act/ros_workspaces/lab4/install/usb_cam/include/usb_cam/formats/mono.hpp
[0.846s] -- Up-to-date: /home/cc/ee106a/fa26/class/ee106a-act/ros_workspaces/lab4/install/usb_cam/include/usb_cam/formats/av_pixel_format_helper.hpp
[0.847s] -- Up-to-date: /home/cc/ee106a/fa26/class/ee106a-act/ros_workspaces/lab4/install/usb_cam/include/usb_cam/formats/utils.hpp
[0.848s] -- Up-to-date: /home/cc/ee106a/fa26/class/ee106a-act/ros_workspaces/lab4/install/usb_cam/include/usb_cam/formats/yuyv.hpp
[0.849s] -- Up-to-date: /home/cc/ee106a/fa26/class/ee106a-act/ros_workspaces/lab4/install/usb_cam/include/usb_cam/formats/mjpeg.hpp
[0.850s] -- Up-to-date: /home/cc/ee106a/fa26/class/ee106a-act/ros_workspaces/lab4/install/usb_cam/include/usb_cam/formats/pixel_format_base.hpp
[0.851s] -- Up-to-date: /home/cc/ee106a/fa26/class/ee106a-act/ros_workspaces/lab4/install/usb_cam/include/usb_cam/formats/uyvy.hpp
[0.853s] -- Up-to-date: /home/cc/ee106a/fa26/class/ee106a-act/ros_workspaces/lab4/install/usb_cam/include/usb_cam/formats/m420.hpp
[0.854s] -- Up-to-date: /home/cc/ee106a/fa26/class/ee106a-act/ros_workspaces/lab4/install/usb_cam/include/usb_cam/constants.hpp
[0.855s] -- Up-to-date: /home/cc/ee106a/fa26/class/ee106a-act/ros_workspaces/lab4/install/usb_cam/include/usb_cam/utils.hpp
[0.859s] -- Up-to-date: /home/cc/ee106a/fa26/class/ee106a-act/ros_workspaces/lab4/install/usb_cam/lib/libusb_cam_node.so
[0.864s] -- Up-to-date: /home/cc/ee106a/fa26/class/ee106a-act/ros_workspaces/lab4/install/usb_cam/share/usb_cam/launch
[0.866s] -- Up-to-date: /home/cc/ee106a/fa26/class/ee106a-act/ros_workspaces/lab4/install/usb_cam/share/usb_cam/launch/camera.launch.py
[0.867s] -- Up-to-date: /home/cc/ee106a/fa26/class/ee106a-act/ros_workspaces/lab4/install/usb_cam/share/usb_cam/launch/camera_config.py
[0.869s] -- Up-to-date: /home/cc/ee106a/fa26/class/ee106a-act/ros_workspaces/lab4/install/usb_cam/share/usb_cam/launch/__init__.py
[0.870s] -- Up-to-date: /home/cc/ee106a/fa26/class/ee106a-act/ros_workspaces/lab4/install/usb_cam/share/usb_cam/config
[0.871s] -- Up-to-date: /home/cc/ee106a/fa26/class/ee106a-act/ros_workspaces/lab4/install/usb_cam/share/usb_cam/config/camera_info.yaml
[0.873s] -- Up-to-date: /home/cc/ee106a/fa26/class/ee106a-act/ros_workspaces/lab4/install/usb_cam/share/usb_cam/config/c922_pro_stream_webcam.yaml
[0.874s] -- Up-to-date: /home/cc/ee106a/fa26/class/ee106a-act/ros_workspaces/lab4/install/usb_cam/share/usb_cam/config/params_1.yaml
[0.875s] -- Up-to-date: /home/cc/ee106a/fa26/class/ee106a-act/ros_workspaces/lab4/install/usb_cam/share/usb_cam/config/params.yaml
[0.877s] -- Up-to-date: /home/cc/ee106a/fa26/class/ee106a-act/ros_workspaces/lab4/install/usb_cam/share/usb_cam/config/params_2.yaml
[0.878s] -- Up-to-date: /home/cc/ee106a/fa26/class/ee106a-act/ros_workspaces/lab4/install/usb_cam/share/ament_index/resource_index/package_run_dependencies/usb_cam
[0.880s] -- Up-to-date: /home/cc/ee106a/fa26/class/ee106a-act/ros_workspaces/lab4/install/usb_cam/share/ament_index/resource_index/parent_prefix_path/usb_cam
[0.881s] -- Up-to-date: /home/cc/ee106a/fa26/class/ee106a-act/ros_workspaces/lab4/install/usb_cam/share/usb_cam/environment/ament_prefix_path.sh
[0.882s] -- Up-to-date: /home/cc/ee106a/fa26/class/ee106a-act/ros_workspaces/lab4/install/usb_cam/share/usb_cam/environment/ament_prefix_path.dsv
[0.883s] -- Up-to-date: /home/cc/ee106a/fa26/class/ee106a-act/ros_workspaces/lab4/install/usb_cam/share/usb_cam/environment/path.sh
[0.884s] -- Up-to-date: /home/cc/ee106a/fa26/class/ee106a-act/ros_workspaces/lab4/install/usb_cam/share/usb_cam/environment/path.dsv
[0.885s] -- Up-to-date: /home/cc/ee106a/fa26/class/ee106a-act/ros_workspaces/lab4/install/usb_cam/share/usb_cam/local_setup.bash
[0.887s] -- Up-to-date: /home/cc/ee106a/fa26/class/ee106a-act/ros_workspaces/lab4/install/usb_cam/share/usb_cam/local_setup.sh
[0.888s] -- Up-to-date: /home/cc/ee106a/fa26/class/ee106a-act/ros_workspaces/lab4/install/usb_cam/share/usb_cam/local_setup.zsh
[0.889s] -- Up-to-date: /home/cc/ee106a/fa26/class/ee106a-act/ros_workspaces/lab4/install/usb_cam/share/usb_cam/local_setup.dsv
[0.890s] -- Installing: /home/cc/ee106a/fa26/class/ee106a-act/ros_workspaces/lab4/install/usb_cam/share/usb_cam/package.dsv
[0.898s] -- Up-to-date: /home/cc/ee106a/fa26/class/ee106a-act/ros_workspaces/lab4/install/usb_cam/share/ament_index/resource_index/packages/usb_cam
[0.899s] -- Up-to-date: /home/cc/ee106a/fa26/class/ee106a-act/ros_workspaces/lab4/install/usb_cam/share/ament_index/resource_index/rclcpp_components/usb_cam
[0.901s] -- Up-to-date: /home/cc/ee106a/fa26/class/ee106a-act/ros_workspaces/lab4/install/usb_cam/share/usb_cam/cmake/ament_cmake_export_libraries-extras.cmake
[0.902s] -- Up-to-date: /home/cc/ee106a/fa26/class/ee106a-act/ros_workspaces/lab4/install/usb_cam/share/usb_cam/cmake/ament_cmake_export_dependencies-extras.cmake
[0.903s] -- Up-to-date: /home/cc/ee106a/fa26/class/ee106a-act/ros_workspaces/lab4/install/usb_cam/share/usb_cam/cmake/ament_cmake_export_include_directories-extras.cmake
[0.904s] -- Up-to-date: /home/cc/ee106a/fa26/class/ee106a-act/ros_workspaces/lab4/install/usb_cam/share/usb_cam/cmake/usb_camConfig.cmake
[0.905s] -- Up-to-date: /home/cc/ee106a/fa26/class/ee106a-act/ros_workspaces/lab4/install/usb_cam/share/usb_cam/cmake/usb_camConfig-version.cmake
[0.907s] -- Up-to-date: /home/cc/ee106a/fa26/class/ee106a-act/ros_workspaces/lab4/install/usb_cam/share/usb_cam/package.xml
[0.913s] Invoked command in '/home/cc/ee106a/fa26/class/ee106a-act/ros_workspaces/lab4/build/usb_cam' returned '0': CMAKE_PREFIX_PATH=${CMAKE_PREFIX_PATH}:/home/cc/ee106a/fa26/class/ee106a-act/ros_workspaces/lab4/install/turtlebot_controller:/home/cc/ee106a/fa26/class/ee106a-act/ros_workspaces/lab4/install/ros2_aruco:/opt/ros/turtlebot3_ws/install/turtlebot3_teleop:/opt/ros/turtlebot3_ws/install/turtlebot3_example:/opt/ros/humble /usr/bin/cmake --install /home/cc/ee106a/fa26/class/ee106a-act/ros_workspaces/lab4/build/usb_cam
