[0.780s] Invoking command in '/home/cc/ee106a/fa26/class/ee106a-act/ros_workspaces/lab3/src/straight_line': PYTHONPATH=/home/cc/ee106a/fa26/class/ee106a-act/ros_workspaces/lab3/build/straight_line/prefix_override:/usr/lib/python3/dist-packages/colcon_core/task/python/colcon_distutils_commands:/home/cc/ee106a/fa26/class/ee106a-act/ros_workspaces/lab3/install/straight_line/lib/python3.10/site-packages:${PYTHONPATH} /usr/bin/python3 -W ignore:setup.py install is deprecated -W ignore:easy_install command is deprecated setup.py egg_info --egg-base ../../build/straight_line build --build-base /home/cc/ee106a/fa26/class/ee106a-act/ros_workspaces/lab3/build/straight_line/build install --record /home/cc/ee106a/fa26/class/ee106a-act/ros_workspaces/lab3/build/straight_line/install.log --install-scripts $base/lib/straight_line --single-version-externally-managed install_data
[0.986s] running egg_info
[0.987s] writing ../../build/straight_line/straight_line.egg-info/PKG-INFO
[0.991s] writing dependency_links to ../../build/straight_line/straight_line.egg-info/dependency_links.txt
[0.995s] writing entry points to ../../build/straight_line/straight_line.egg-info/entry_points.txt
[0.998s] writing requirements to ../../build/straight_line/straight_line.egg-info/requires.txt
[1.000s] writing top-level names to ../../build/straight_line/straight_line.egg-info/top_level.txt
[1.006s] reading manifest file '../../build/straight_line/straight_line.egg-info/SOURCES.txt'
[1.008s] adding license file 'LICENSE'
[1.009s] writing manifest file '../../build/straight_line/straight_line.egg-info/SOURCES.txt'
[1.012s] running build
[1.012s] running build_py
[1.013s] copying straight_line/straight_line_server.py -> /home/cc/ee106a/fa26/class/ee106a-act/ros_workspaces/lab3/build/straight_line/build/lib/straight_line
[1.018s] running install
[1.018s] running install_lib
[1.020s] copying /home/cc/ee106a/fa26/class/ee106a-act/ros_workspaces/lab3/build/straight_line/build/lib/straight_line/straight_line_server.py -> /home/cc/ee106a/fa26/class/ee106a-act/ros_workspaces/lab3/install/straight_line/lib/python3.10/site-packages/straight_line
[1.027s] byte-compiling /home/cc/ee106a/fa26/class/ee106a-act/ros_workspaces/lab3/install/straight_line/lib/python3.10/site-packages/straight_line/straight_line_server.py to straight_line_server.cpython-310.pyc
[1.034s] running install_data
[1.035s] running install_egg_info
[1.037s] removing '/home/cc/ee106a/fa26/class/ee106a-act/ros_workspaces/lab3/install/straight_line/lib/python3.10/site-packages/straight_line-0.0.0-py3.10.egg-info' (and everything under it)
[1.046s] Copying ../../build/straight_line/straight_line.egg-info to /home/cc/ee106a/fa26/class/ee106a-act/ros_workspaces/lab3/install/straight_line/lib/python3.10/site-packages/straight_line-0.0.0-py3.10.egg-info
[1.081s] running install_scripts
[1.097s] Installing straight_line_server script to /home/cc/ee106a/fa26/class/ee106a-act/ros_workspaces/lab3/install/straight_line/lib/straight_line
[1.100s] writing list of installed files to '/home/cc/ee106a/fa26/class/ee106a-act/ros_workspaces/lab3/build/straight_line/install.log'
[1.116s] Invoked command in '/home/cc/ee106a/fa26/class/ee106a-act/ros_workspaces/lab3/src/straight_line' returned '0': PYTHONPATH=/home/cc/ee106a/fa26/class/ee106a-act/ros_workspaces/lab3/build/straight_line/prefix_override:/usr/lib/python3/dist-packages/colcon_core/task/python/colcon_distutils_commands:/home/cc/ee106a/fa26/class/ee106a-act/ros_workspaces/lab3/install/straight_line/lib/python3.10/site-packages:${PYTHONPATH} /usr/bin/python3 -W ignore:setup.py install is deprecated -W ignore:easy_install command is deprecated setup.py egg_info --egg-base ../../build/straight_line build --build-base /home/cc/ee106a/fa26/class/ee106a-act/ros_workspaces/lab3/build/straight_line/build install --record /home/cc/ee106a/fa26/class/ee106a-act/ros_workspaces/lab3/build/straight_line/install.log --install-scripts $base/lib/straight_line --single-version-externally-managed install_data
