[0.716s] Invoking command in '/home/cc/ee106a/fa26/class/ee106a-act/ros_workspaces/lab4/src/turtlebot_controller': AMENT_PREFIX_PATH=/home/cc/ee106a/fa26/class/ee106a-act/ros_workspaces/lab4/install/ros2_aruco:${AMENT_PREFIX_PATH} PYTHONPATH=/home/cc/ee106a/fa26/class/ee106a-act/ros_workspaces/lab4/build/turtlebot_controller/prefix_override:/usr/lib/python3/dist-packages/colcon_core/task/python/colcon_distutils_commands:/home/cc/ee106a/fa26/class/ee106a-act/ros_workspaces/lab4/install/turtlebot_controller/lib/python3.10/site-packages:/home/cc/ee106a/fa26/class/ee106a-act/ros_workspaces/lab4/install/ros2_aruco/lib/python3.10/site-packages:${PYTHONPATH} /usr/bin/python3 -W ignore:setup.py install is deprecated -W ignore:easy_install command is deprecated setup.py egg_info --egg-base ../../build/turtlebot_controller build --build-base /home/cc/ee106a/fa26/class/ee106a-act/ros_workspaces/lab4/build/turtlebot_controller/build install --record /home/cc/ee106a/fa26/class/ee106a-act/ros_workspaces/lab4/build/turtlebot_controller/install.log --install-scripts $base/lib/turtlebot_controller --single-version-externally-managed install_data
[0.973s] running egg_info
[0.974s] writing ../../build/turtlebot_controller/turtlebot_controller.egg-info/PKG-INFO
[0.978s] writing dependency_links to ../../build/turtlebot_controller/turtlebot_controller.egg-info/dependency_links.txt
[0.981s] writing entry points to ../../build/turtlebot_controller/turtlebot_controller.egg-info/entry_points.txt
[0.984s] writing requirements to ../../build/turtlebot_controller/turtlebot_controller.egg-info/requires.txt
[0.987s] writing top-level names to ../../build/turtlebot_controller/turtlebot_controller.egg-info/top_level.txt
[0.994s] reading manifest file '../../build/turtlebot_controller/turtlebot_controller.egg-info/SOURCES.txt'
[0.997s] writing manifest file '../../build/turtlebot_controller/turtlebot_controller.egg-info/SOURCES.txt'
[1.000s] running build
[1.000s] running build_py
[1.003s] running install
[1.003s] running install_lib
[1.010s] running install_data
[1.014s] running install_egg_info
[1.017s] removing '/home/cc/ee106a/fa26/class/ee106a-act/ros_workspaces/lab4/install/turtlebot_controller/lib/python3.10/site-packages/turtlebot_controller-0.0.0-py3.10.egg-info' (and everything under it)
[1.029s] Copying ../../build/turtlebot_controller/turtlebot_controller.egg-info to /home/cc/ee106a/fa26/class/ee106a-act/ros_workspaces/lab4/install/turtlebot_controller/lib/python3.10/site-packages/turtlebot_controller-0.0.0-py3.10.egg-info
[1.068s] running install_scripts
[1.096s] Installing nav_client script to /home/cc/ee106a/fa26/class/ee106a-act/ros_workspaces/lab4/install/turtlebot_controller/lib/turtlebot_controller
[1.100s] Installing square_drive script to /home/cc/ee106a/fa26/class/ee106a-act/ros_workspaces/lab4/install/turtlebot_controller/lib/turtlebot_controller
[1.105s] writing list of installed files to '/home/cc/ee106a/fa26/class/ee106a-act/ros_workspaces/lab4/build/turtlebot_controller/install.log'
[1.124s] Invoked command in '/home/cc/ee106a/fa26/class/ee106a-act/ros_workspaces/lab4/src/turtlebot_controller' returned '0': AMENT_PREFIX_PATH=/home/cc/ee106a/fa26/class/ee106a-act/ros_workspaces/lab4/install/ros2_aruco:${AMENT_PREFIX_PATH} PYTHONPATH=/home/cc/ee106a/fa26/class/ee106a-act/ros_workspaces/lab4/build/turtlebot_controller/prefix_override:/usr/lib/python3/dist-packages/colcon_core/task/python/colcon_distutils_commands:/home/cc/ee106a/fa26/class/ee106a-act/ros_workspaces/lab4/install/turtlebot_controller/lib/python3.10/site-packages:/home/cc/ee106a/fa26/class/ee106a-act/ros_workspaces/lab4/install/ros2_aruco/lib/python3.10/site-packages:${PYTHONPATH} /usr/bin/python3 -W ignore:setup.py install is deprecated -W ignore:easy_install command is deprecated setup.py egg_info --egg-base ../../build/turtlebot_controller build --build-base /home/cc/ee106a/fa26/class/ee106a-act/ros_workspaces/lab4/build/turtlebot_controller/build install --record /home/cc/ee106a/fa26/class/ee106a-act/ros_workspaces/lab4/build/turtlebot_controller/install.log --install-scripts $base/lib/turtlebot_controller --single-version-externally-managed install_data
