[6.336s] Invoking command in '/home/cc/ee106a/fa26/class/ee106a-act/ros_workspaces/lab2/src/turtle_patrol': PYTHONPATH=/home/cc/ee106a/fa26/class/ee106a-act/ros_workspaces/lab2/build/turtle_patrol/prefix_override:/usr/lib/python3/dist-packages/colcon_core/task/python/colcon_distutils_commands:/home/cc/ee106a/fa26/class/ee106a-act/ros_workspaces/lab2/install/turtle_patrol/lib/python3.10/site-packages:${PYTHONPATH} /usr/bin/python3 -W ignore:setup.py install is deprecated -W ignore:easy_install command is deprecated setup.py egg_info --egg-base ../../build/turtle_patrol build --build-base /home/cc/ee106a/fa26/class/ee106a-act/ros_workspaces/lab2/build/turtle_patrol/build install --record /home/cc/ee106a/fa26/class/ee106a-act/ros_workspaces/lab2/build/turtle_patrol/install.log --install-scripts $base/lib/turtle_patrol --single-version-externally-managed install_data
[8.103s] running egg_info
[8.106s] writing ../../build/turtle_patrol/turtle_patrol.egg-info/PKG-INFO
[8.110s] writing dependency_links to ../../build/turtle_patrol/turtle_patrol.egg-info/dependency_links.txt
[8.115s] writing entry points to ../../build/turtle_patrol/turtle_patrol.egg-info/entry_points.txt
[8.118s] writing requirements to ../../build/turtle_patrol/turtle_patrol.egg-info/requires.txt
[8.121s] writing top-level names to ../../build/turtle_patrol/turtle_patrol.egg-info/top_level.txt
[8.133s] reading manifest file '../../build/turtle_patrol/turtle_patrol.egg-info/SOURCES.txt'
[8.139s] writing manifest file '../../build/turtle_patrol/turtle_patrol.egg-info/SOURCES.txt'
[8.143s] running build
[8.143s] running build_py
[8.147s] running install
[8.148s] running install_lib
[8.155s] running install_data
[8.157s] running install_egg_info
[8.166s] removing '/home/cc/ee106a/fa26/class/ee106a-act/ros_workspaces/lab2/install/turtle_patrol/lib/python3.10/site-packages/turtle_patrol-0.0.0-py3.10.egg-info' (and everything under it)
[8.181s] Copying ../../build/turtle_patrol/turtle_patrol.egg-info to /home/cc/ee106a/fa26/class/ee106a-act/ros_workspaces/lab2/install/turtle_patrol/lib/python3.10/site-packages/turtle_patrol-0.0.0-py3.10.egg-info
[8.234s] running install_scripts
[8.313s] Installing patrol_client script to /home/cc/ee106a/fa26/class/ee106a-act/ros_workspaces/lab2/install/turtle_patrol/lib/turtle_patrol
[8.318s] Installing patrol_client_sol script to /home/cc/ee106a/fa26/class/ee106a-act/ros_workspaces/lab2/install/turtle_patrol/lib/turtle_patrol
[8.323s] Installing patrol_server script to /home/cc/ee106a/fa26/class/ee106a-act/ros_workspaces/lab2/install/turtle_patrol/lib/turtle_patrol
[8.328s] Installing patrol_server_sol script to /home/cc/ee106a/fa26/class/ee106a-act/ros_workspaces/lab2/install/turtle_patrol/lib/turtle_patrol
[8.334s] writing list of installed files to '/home/cc/ee106a/fa26/class/ee106a-act/ros_workspaces/lab2/build/turtle_patrol/install.log'
[8.576s] Invoked command in '/home/cc/ee106a/fa26/class/ee106a-act/ros_workspaces/lab2/src/turtle_patrol' returned '0': PYTHONPATH=/home/cc/ee106a/fa26/class/ee106a-act/ros_workspaces/lab2/build/turtle_patrol/prefix_override:/usr/lib/python3/dist-packages/colcon_core/task/python/colcon_distutils_commands:/home/cc/ee106a/fa26/class/ee106a-act/ros_workspaces/lab2/install/turtle_patrol/lib/python3.10/site-packages:${PYTHONPATH} /usr/bin/python3 -W ignore:setup.py install is deprecated -W ignore:easy_install command is deprecated setup.py egg_info --egg-base ../../build/turtle_patrol build --build-base /home/cc/ee106a/fa26/class/ee106a-act/ros_workspaces/lab2/build/turtle_patrol/build install --record /home/cc/ee106a/fa26/class/ee106a-act/ros_workspaces/lab2/build/turtle_patrol/install.log --install-scripts $base/lib/turtle_patrol --single-version-externally-managed install_data
