[7.776s] Invoking command in '/home/cc/ee106a/fa26/class/ee106a-act/ros_workspaces/lab2/src/turtle_patrol': PYTHONPATH=/home/cc/ee106a/fa26/class/ee106a-act/ros_workspaces/lab2/build/turtle_patrol/prefix_override:/usr/lib/python3/dist-packages/colcon_core/task/python/colcon_distutils_commands:/home/cc/ee106a/fa26/class/ee106a-act/ros_workspaces/lab2/install/turtle_patrol/lib/python3.10/site-packages:${PYTHONPATH} /usr/bin/python3 -W ignore:setup.py install is deprecated -W ignore:easy_install command is deprecated setup.py egg_info --egg-base ../../build/turtle_patrol build --build-base /home/cc/ee106a/fa26/class/ee106a-act/ros_workspaces/lab2/build/turtle_patrol/build install --record /home/cc/ee106a/fa26/class/ee106a-act/ros_workspaces/lab2/build/turtle_patrol/install.log --install-scripts $base/lib/turtle_patrol --single-version-externally-managed install_data
[9.766s] running egg_info
[9.769s] writing ../../build/turtle_patrol/turtle_patrol.egg-info/PKG-INFO
[9.774s] writing dependency_links to ../../build/turtle_patrol/turtle_patrol.egg-info/dependency_links.txt
[9.778s] writing entry points to ../../build/turtle_patrol/turtle_patrol.egg-info/entry_points.txt
[9.782s] writing requirements to ../../build/turtle_patrol/turtle_patrol.egg-info/requires.txt
[9.784s] writing top-level names to ../../build/turtle_patrol/turtle_patrol.egg-info/top_level.txt
[9.798s] reading manifest file '../../build/turtle_patrol/turtle_patrol.egg-info/SOURCES.txt'
[9.804s] writing manifest file '../../build/turtle_patrol/turtle_patrol.egg-info/SOURCES.txt'
[9.807s] running build
[9.807s] running build_py
[9.810s] running install
[9.811s] running install_lib
[9.821s] running install_data
[9.821s] running install_egg_info
[9.834s] removing '/home/cc/ee106a/fa26/class/ee106a-act/ros_workspaces/lab2/install/turtle_patrol/lib/python3.10/site-packages/turtle_patrol-0.0.0-py3.10.egg-info' (and everything under it)
[9.852s] Copying ../../build/turtle_patrol/turtle_patrol.egg-info to /home/cc/ee106a/fa26/class/ee106a-act/ros_workspaces/lab2/install/turtle_patrol/lib/python3.10/site-packages/turtle_patrol-0.0.0-py3.10.egg-info
[9.909s] running install_scripts
[9.998s] Installing patrol_client script to /home/cc/ee106a/fa26/class/ee106a-act/ros_workspaces/lab2/install/turtle_patrol/lib/turtle_patrol
[10.002s] Installing patrol_client_sol script to /home/cc/ee106a/fa26/class/ee106a-act/ros_workspaces/lab2/install/turtle_patrol/lib/turtle_patrol
[10.008s] Installing patrol_server script to /home/cc/ee106a/fa26/class/ee106a-act/ros_workspaces/lab2/install/turtle_patrol/lib/turtle_patrol
[10.013s] Installing patrol_server_sol script to /home/cc/ee106a/fa26/class/ee106a-act/ros_workspaces/lab2/install/turtle_patrol/lib/turtle_patrol
[10.020s] writing list of installed files to '/home/cc/ee106a/fa26/class/ee106a-act/ros_workspaces/lab2/build/turtle_patrol/install.log'
[10.178s] Invoked command in '/home/cc/ee106a/fa26/class/ee106a-act/ros_workspaces/lab2/src/turtle_patrol' returned '0': PYTHONPATH=/home/cc/ee106a/fa26/class/ee106a-act/ros_workspaces/lab2/build/turtle_patrol/prefix_override:/usr/lib/python3/dist-packages/colcon_core/task/python/colcon_distutils_commands:/home/cc/ee106a/fa26/class/ee106a-act/ros_workspaces/lab2/install/turtle_patrol/lib/python3.10/site-packages:${PYTHONPATH} /usr/bin/python3 -W ignore:setup.py install is deprecated -W ignore:easy_install command is deprecated setup.py egg_info --egg-base ../../build/turtle_patrol build --build-base /home/cc/ee106a/fa26/class/ee106a-act/ros_workspaces/lab2/build/turtle_patrol/build install --record /home/cc/ee106a/fa26/class/ee106a-act/ros_workspaces/lab2/build/turtle_patrol/install.log --install-scripts $base/lib/turtle_patrol --single-version-externally-managed install_data
