[0.817s] Invoking command in '/home/cc/ee106a/fa26/class/ee106a-act/ros_workspaces/lab4/src/turtlebot_controller': AMENT_PREFIX_PATH=/home/cc/ee106a/fa26/class/ee106a-act/ros_workspaces/lab4/install/ros2_aruco:${AMENT_PREFIX_PATH} PYTHONPATH=/home/cc/ee106a/fa26/class/ee106a-act/ros_workspaces/lab4/build/turtlebot_controller/prefix_override:/usr/lib/python3/dist-packages/colcon_core/task/python/colcon_distutils_commands:/home/cc/ee106a/fa26/class/ee106a-act/ros_workspaces/lab4/install/turtlebot_controller/lib/python3.10/site-packages:/home/cc/ee106a/fa26/class/ee106a-act/ros_workspaces/lab4/install/ros2_aruco/lib/python3.10/site-packages:${PYTHONPATH} /usr/bin/python3 -W ignore:setup.py install is deprecated -W ignore:easy_install command is deprecated setup.py egg_info --egg-base ../../build/turtlebot_controller build --build-base /home/cc/ee106a/fa26/class/ee106a-act/ros_workspaces/lab4/build/turtlebot_controller/build install --record /home/cc/ee106a/fa26/class/ee106a-act/ros_workspaces/lab4/build/turtlebot_controller/install.log --install-scripts $base/lib/turtlebot_controller --single-version-externally-managed install_data
[1.024s] running egg_info
[1.025s] writing ../../build/turtlebot_controller/turtlebot_controller.egg-info/PKG-INFO
[1.029s] writing dependency_links to ../../build/turtlebot_controller/turtlebot_controller.egg-info/dependency_links.txt
[1.033s] writing entry points to ../../build/turtlebot_controller/turtlebot_controller.egg-info/entry_points.txt
[1.035s] writing requirements to ../../build/turtlebot_controller/turtlebot_controller.egg-info/requires.txt
[1.038s] writing top-level names to ../../build/turtlebot_controller/turtlebot_controller.egg-info/top_level.txt
[1.044s] reading manifest file '../../build/turtlebot_controller/turtlebot_controller.egg-info/SOURCES.txt'
[1.046s] writing manifest file '../../build/turtlebot_controller/turtlebot_controller.egg-info/SOURCES.txt'
[1.049s] running build
[1.049s] running build_py
[1.051s] running install
[1.051s] running install_lib
[1.056s] running install_data
[1.060s] running install_egg_info
[1.063s] removing '/home/cc/ee106a/fa26/class/ee106a-act/ros_workspaces/lab4/install/turtlebot_controller/lib/python3.10/site-packages/turtlebot_controller-0.0.0-py3.10.egg-info' (and everything under it)
[1.073s] Copying ../../build/turtlebot_controller/turtlebot_controller.egg-info to /home/cc/ee106a/fa26/class/ee106a-act/ros_workspaces/lab4/install/turtlebot_controller/lib/python3.10/site-packages/turtlebot_controller-0.0.0-py3.10.egg-info
[1.109s] running install_scripts
[1.139s] Installing nav_client script to /home/cc/ee106a/fa26/class/ee106a-act/ros_workspaces/lab4/install/turtlebot_controller/lib/turtlebot_controller
[1.143s] Installing square_drive script to /home/cc/ee106a/fa26/class/ee106a-act/ros_workspaces/lab4/install/turtlebot_controller/lib/turtlebot_controller
[1.146s] writing list of installed files to '/home/cc/ee106a/fa26/class/ee106a-act/ros_workspaces/lab4/build/turtlebot_controller/install.log'
[1.163s] Invoked command in '/home/cc/ee106a/fa26/class/ee106a-act/ros_workspaces/lab4/src/turtlebot_controller' returned '0': AMENT_PREFIX_PATH=/home/cc/ee106a/fa26/class/ee106a-act/ros_workspaces/lab4/install/ros2_aruco:${AMENT_PREFIX_PATH} PYTHONPATH=/home/cc/ee106a/fa26/class/ee106a-act/ros_workspaces/lab4/build/turtlebot_controller/prefix_override:/usr/lib/python3/dist-packages/colcon_core/task/python/colcon_distutils_commands:/home/cc/ee106a/fa26/class/ee106a-act/ros_workspaces/lab4/install/turtlebot_controller/lib/python3.10/site-packages:/home/cc/ee106a/fa26/class/ee106a-act/ros_workspaces/lab4/install/ros2_aruco/lib/python3.10/site-packages:${PYTHONPATH} /usr/bin/python3 -W ignore:setup.py install is deprecated -W ignore:easy_install command is deprecated setup.py egg_info --egg-base ../../build/turtlebot_controller build --build-base /home/cc/ee106a/fa26/class/ee106a-act/ros_workspaces/lab4/build/turtlebot_controller/build install --record /home/cc/ee106a/fa26/class/ee106a-act/ros_workspaces/lab4/build/turtlebot_controller/install.log --install-scripts $base/lib/turtlebot_controller --single-version-externally-managed install_data
