running egg_info
writing ../../build/straight_line/straight_line.egg-info/PKG-INFO
writing dependency_links to ../../build/straight_line/straight_line.egg-info/dependency_links.txt
writing entry points to ../../build/straight_line/straight_line.egg-info/entry_points.txt
writing requirements to ../../build/straight_line/straight_line.egg-info/requires.txt
writing top-level names to ../../build/straight_line/straight_line.egg-info/top_level.txt
reading manifest file '../../build/straight_line/straight_line.egg-info/SOURCES.txt'
adding license file 'LICENSE'
writing manifest file '../../build/straight_line/straight_line.egg-info/SOURCES.txt'
running build
running build_py
running install
running install_lib
byte-compiling /home/cc/ee106a/fa26/class/ee106a-act/ros_workspaces/lab3/install/straight_line/lib/python3.10/site-packages/straight_line/straight_line_server.py to straight_line_server.cpython-310.pyc
  File "/home/cc/ee106a/fa26/class/ee106a-act/ros_workspaces/lab3/install/straight_line/lib/python3.10/site-packages/straight_line/straight_line_server.py", line 48
    'move_straight',
    ^^^^^^^^^^^^^^^
SyntaxError: invalid syntax

running install_data
running install_egg_info
removing '/home/cc/ee106a/fa26/class/ee106a-act/ros_workspaces/lab3/install/straight_line/lib/python3.10/site-packages/straight_line-0.0.0-py3.10.egg-info' (and everything under it)
Copying ../../build/straight_line/straight_line.egg-info to /home/cc/ee106a/fa26/class/ee106a-act/ros_workspaces/lab3/install/straight_line/lib/python3.10/site-packages/straight_line-0.0.0-py3.10.egg-info
running install_scripts
Installing straight_line_server script to /home/cc/ee106a/fa26/class/ee106a-act/ros_workspaces/lab3/install/straight_line/lib/straight_line
writing list of installed files to '/home/cc/ee106a/fa26/class/ee106a-act/ros_workspaces/lab3/build/straight_line/install.log'
