[0.319s] Invoking command in '/home/cc/ee106a/fa26/class/ee106a-act/ros_workspaces/lab4/build/ros2_aruco_interfaces': CMAKE_PREFIX_PATH=${CMAKE_PREFIX_PATH}:/opt/ros/turtlebot3_ws/install/turtlebot3_teleop:/opt/ros/turtlebot3_ws/install/turtlebot3_example:/opt/ros/humble /usr/bin/cmake --build /home/cc/ee106a/fa26/class/ee106a-act/ros_workspaces/lab4/build/ros2_aruco_interfaces -- -j32 -l32
[0.475s] [  9%] Built target ros2_aruco_interfaces__cpp
[0.477s] [ 12%] Built target ros2_aruco_interfaces__rs
[0.480s] [ 15%] Built target ros2_aruco_interfaces__rosidl_generator_c
[0.540s] [ 40%] Built target ros2_aruco_interfaces__rosidl_typesupport_fastrtps_cpp
[0.541s] [ 43%] Built target ros2_aruco_interfaces__rosidl_typesupport_introspection_cpp
[0.546s] [ 50%] Built target ros2_aruco_interfaces__rosidl_typesupport_cpp
[0.550s] [ 65%] Built target ament_cmake_python_copy_ros2_aruco_interfaces
[0.554s] [ 71%] Built target ros2_aruco_interfaces__rosidl_typesupport_c
[0.554s] [ 71%] Built target ros2_aruco_interfaces__rosidl_typesupport_fastrtps_c
[0.555s] [ 71%] Built target ros2_aruco_interfaces__rosidl_typesupport_introspection_c
[0.583s] [ 71%] Built target ros2_aruco_interfaces
[0.616s] [ 75%] Built target ros2_aruco_interfaces__py
[0.647s] [ 81%] Built target ros2_aruco_interfaces__rosidl_generator_py
[0.688s] [ 93%] Built target ros2_aruco_interfaces__rosidl_typesupport_fastrtps_c__pyext
[0.691s] [100%] Built target ros2_aruco_interfaces__rosidl_typesupport_c__pyext
[0.691s] [100%] Built target ros2_aruco_interfaces__rosidl_typesupport_introspection_c__pyext
[0.796s] running egg_info
[0.796s] writing ros2_aruco_interfaces.egg-info/PKG-INFO
[0.796s] writing dependency_links to ros2_aruco_interfaces.egg-info/dependency_links.txt
[0.797s] writing top-level names to ros2_aruco_interfaces.egg-info/top_level.txt
[0.803s] reading manifest file 'ros2_aruco_interfaces.egg-info/SOURCES.txt'
[0.804s] writing manifest file 'ros2_aruco_interfaces.egg-info/SOURCES.txt'
[0.830s] [100%] Built target ament_cmake_python_build_ros2_aruco_interfaces_egg
[0.887s] Invoked command in '/home/cc/ee106a/fa26/class/ee106a-act/ros_workspaces/lab4/build/ros2_aruco_interfaces' returned '0': CMAKE_PREFIX_PATH=${CMAKE_PREFIX_PATH}:/opt/ros/turtlebot3_ws/install/turtlebot3_teleop:/opt/ros/turtlebot3_ws/install/turtlebot3_example:/opt/ros/humble /usr/bin/cmake --build /home/cc/ee106a/fa26/class/ee106a-act/ros_workspaces/lab4/build/ros2_aruco_interfaces -- -j32 -l32
[0.888s] Invoking command in '/home/cc/ee106a/fa26/class/ee106a-act/ros_workspaces/lab4/build/ros2_aruco_interfaces': CMAKE_PREFIX_PATH=${CMAKE_PREFIX_PATH}:/opt/ros/turtlebot3_ws/install/turtlebot3_teleop:/opt/ros/turtlebot3_ws/install/turtlebot3_example:/opt/ros/humble /usr/bin/cmake --install /home/cc/ee106a/fa26/class/ee106a-act/ros_workspaces/lab4/build/ros2_aruco_interfaces
[0.907s] -- Install configuration: ""
[0.910s] -- Up-to-date: /home/cc/ee106a/fa26/class/ee106a-act/ros_workspaces/lab4/install/ros2_aruco_interfaces/share/ament_index/resource_index/rosidl_interfaces/ros2_aruco_interfaces
[0.912s] -- Up-to-date: /home/cc/ee106a/fa26/class/ee106a-act/ros_workspaces/lab4/install/ros2_aruco_interfaces/include/ros2_aruco_interfaces/ros2_aruco_interfaces
[0.913s] -- Up-to-date: /home/cc/ee106a/fa26/class/ee106a-act/ros_workspaces/lab4/install/ros2_aruco_interfaces/include/ros2_aruco_interfaces/ros2_aruco_interfaces/msg
[0.915s] -- Up-to-date: /home/cc/ee106a/fa26/class/ee106a-act/ros_workspaces/lab4/install/ros2_aruco_interfaces/include/ros2_aruco_interfaces/ros2_aruco_interfaces/msg/rosidl_generator_c__visibility_control.h
[0.916s] -- Up-to-date: /home/cc/ee106a/fa26/class/ee106a-act/ros_workspaces/lab4/install/ros2_aruco_interfaces/include/ros2_aruco_interfaces/ros2_aruco_interfaces/msg/aruco_markers.h
[0.917s] -- Up-to-date: /home/cc/ee106a/fa26/class/ee106a-act/ros_workspaces/lab4/install/ros2_aruco_interfaces/include/ros2_aruco_interfaces/ros2_aruco_interfaces/msg/detail
[0.919s] -- Up-to-date: /home/cc/ee106a/fa26/class/ee106a-act/ros_workspaces/lab4/install/ros2_aruco_interfaces/include/ros2_aruco_interfaces/ros2_aruco_interfaces/msg/detail/aruco_markers__struct.h
[0.920s] -- Up-to-date: /home/cc/ee106a/fa26/class/ee106a-act/ros_workspaces/lab4/install/ros2_aruco_interfaces/include/ros2_aruco_interfaces/ros2_aruco_interfaces/msg/detail/aruco_markers__functions.h
[0.921s] -- Up-to-date: /home/cc/ee106a/fa26/class/ee106a-act/ros_workspaces/lab4/install/ros2_aruco_interfaces/include/ros2_aruco_interfaces/ros2_aruco_interfaces/msg/detail/aruco_markers__type_support.h
[0.922s] -- Up-to-date: /home/cc/ee106a/fa26/class/ee106a-act/ros_workspaces/lab4/install/ros2_aruco_interfaces/include/ros2_aruco_interfaces/ros2_aruco_interfaces/msg/detail/aruco_markers__functions.c
[0.924s] -- Up-to-date: /home/cc/ee106a/fa26/class/ee106a-act/ros_workspaces/lab4/install/ros2_aruco_interfaces/share/ros2_aruco_interfaces/environment/library_path.sh
[0.925s] -- Up-to-date: /home/cc/ee106a/fa26/class/ee106a-act/ros_workspaces/lab4/install/ros2_aruco_interfaces/share/ros2_aruco_interfaces/environment/library_path.dsv
[0.928s] -- Up-to-date: /home/cc/ee106a/fa26/class/ee106a-act/ros_workspaces/lab4/install/ros2_aruco_interfaces/lib/libros2_aruco_interfaces__rosidl_generator_c.so
[0.931s] -- Up-to-date: /home/cc/ee106a/fa26/class/ee106a-act/ros_workspaces/lab4/install/ros2_aruco_interfaces/include/ros2_aruco_interfaces/ros2_aruco_interfaces
[0.932s] -- Up-to-date: /home/cc/ee106a/fa26/class/ee106a-act/ros_workspaces/lab4/install/ros2_aruco_interfaces/include/ros2_aruco_interfaces/ros2_aruco_interfaces/msg
[0.934s] -- Up-to-date: /home/cc/ee106a/fa26/class/ee106a-act/ros_workspaces/lab4/install/ros2_aruco_interfaces/include/ros2_aruco_interfaces/ros2_aruco_interfaces/msg/rosidl_typesupport_fastrtps_c__visibility_control.h
[0.935s] -- Up-to-date: /home/cc/ee106a/fa26/class/ee106a-act/ros_workspaces/lab4/install/ros2_aruco_interfaces/include/ros2_aruco_interfaces/ros2_aruco_interfaces/msg/detail
[0.937s] -- Up-to-date: /home/cc/ee106a/fa26/class/ee106a-act/ros_workspaces/lab4/install/ros2_aruco_interfaces/include/ros2_aruco_interfaces/ros2_aruco_interfaces/msg/detail/aruco_markers__rosidl_typesupport_fastrtps_c.h
[0.939s] -- Up-to-date: /home/cc/ee106a/fa26/class/ee106a-act/ros_workspaces/lab4/install/ros2_aruco_interfaces/lib/libros2_aruco_interfaces__rosidl_typesupport_fastrtps_c.so
[0.942s] -- Up-to-date: /home/cc/ee106a/fa26/class/ee106a-act/ros_workspaces/lab4/install/ros2_aruco_interfaces/include/ros2_aruco_interfaces/ros2_aruco_interfaces
[0.944s] -- Up-to-date: /home/cc/ee106a/fa26/class/ee106a-act/ros_workspaces/lab4/install/ros2_aruco_interfaces/include/ros2_aruco_interfaces/ros2_aruco_interfaces/msg
[0.945s] -- Up-to-date: /home/cc/ee106a/fa26/class/ee106a-act/ros_workspaces/lab4/install/ros2_aruco_interfaces/include/ros2_aruco_interfaces/ros2_aruco_interfaces/msg/detail
[0.947s] -- Up-to-date: /home/cc/ee106a/fa26/class/ee106a-act/ros_workspaces/lab4/install/ros2_aruco_interfaces/include/ros2_aruco_interfaces/ros2_aruco_interfaces/msg/detail/aruco_markers__struct.hpp
[0.948s] -- Up-to-date: /home/cc/ee106a/fa26/class/ee106a-act/ros_workspaces/lab4/install/ros2_aruco_interfaces/include/ros2_aruco_interfaces/ros2_aruco_interfaces/msg/detail/aruco_markers__type_support.hpp
[0.949s] -- Up-to-date: /home/cc/ee106a/fa26/class/ee106a-act/ros_workspaces/lab4/install/ros2_aruco_interfaces/include/ros2_aruco_interfaces/ros2_aruco_interfaces/msg/detail/aruco_markers__traits.hpp
[0.950s] -- Up-to-date: /home/cc/ee106a/fa26/class/ee106a-act/ros_workspaces/lab4/install/ros2_aruco_interfaces/include/ros2_aruco_interfaces/ros2_aruco_interfaces/msg/detail/aruco_markers__builder.hpp
[0.951s] -- Up-to-date: /home/cc/ee106a/fa26/class/ee106a-act/ros_workspaces/lab4/install/ros2_aruco_interfaces/include/ros2_aruco_interfaces/ros2_aruco_interfaces/msg/rosidl_generator_cpp__visibility_control.hpp
[0.952s] -- Up-to-date: /home/cc/ee106a/fa26/class/ee106a-act/ros_workspaces/lab4/install/ros2_aruco_interfaces/include/ros2_aruco_interfaces/ros2_aruco_interfaces/msg/aruco_markers.hpp
[0.953s] -- Up-to-date: /home/cc/ee106a/fa26/class/ee106a-act/ros_workspaces/lab4/install/ros2_aruco_interfaces/include/ros2_aruco_interfaces/ros2_aruco_interfaces
[0.954s] -- Up-to-date: /home/cc/ee106a/fa26/class/ee106a-act/ros_workspaces/lab4/install/ros2_aruco_interfaces/include/ros2_aruco_interfaces/ros2_aruco_interfaces/msg
[0.956s] -- Up-to-date: /home/cc/ee106a/fa26/class/ee106a-act/ros_workspaces/lab4/install/ros2_aruco_interfaces/include/ros2_aruco_interfaces/ros2_aruco_interfaces/msg/rosidl_typesupport_fastrtps_cpp__visibility_control.h
[0.957s] -- Up-to-date: /home/cc/ee106a/fa26/class/ee106a-act/ros_workspaces/lab4/install/ros2_aruco_interfaces/include/ros2_aruco_interfaces/ros2_aruco_interfaces/msg/detail
[0.958s] -- Up-to-date: /home/cc/ee106a/fa26/class/ee106a-act/ros_workspaces/lab4/install/ros2_aruco_interfaces/include/ros2_aruco_interfaces/ros2_aruco_interfaces/msg/detail/dds_fastrtps
[0.960s] -- Up-to-date: /home/cc/ee106a/fa26/class/ee106a-act/ros_workspaces/lab4/install/ros2_aruco_interfaces/include/ros2_aruco_interfaces/ros2_aruco_interfaces/msg/detail/aruco_markers__rosidl_typesupport_fastrtps_cpp.hpp
[0.963s] -- Up-to-date: /home/cc/ee106a/fa26/class/ee106a-act/ros_workspaces/lab4/install/ros2_aruco_interfaces/lib/libros2_aruco_interfaces__rosidl_typesupport_fastrtps_cpp.so
[0.968s] -- Up-to-date: /home/cc/ee106a/fa26/class/ee106a-act/ros_workspaces/lab4/install/ros2_aruco_interfaces/include/ros2_aruco_interfaces/ros2_aruco_interfaces
[0.969s] -- Up-to-date: /home/cc/ee106a/fa26/class/ee106a-act/ros_workspaces/lab4/install/ros2_aruco_interfaces/include/ros2_aruco_interfaces/ros2_aruco_interfaces/msg
[0.971s] -- Up-to-date: /home/cc/ee106a/fa26/class/ee106a-act/ros_workspaces/lab4/install/ros2_aruco_interfaces/include/ros2_aruco_interfaces/ros2_aruco_interfaces/msg/detail
[0.972s] -- Up-to-date: /home/cc/ee106a/fa26/class/ee106a-act/ros_workspaces/lab4/install/ros2_aruco_interfaces/include/ros2_aruco_interfaces/ros2_aruco_interfaces/msg/detail/aruco_markers__rosidl_typesupport_introspection_c.h
[0.973s] -- Up-to-date: /home/cc/ee106a/fa26/class/ee106a-act/ros_workspaces/lab4/install/ros2_aruco_interfaces/include/ros2_aruco_interfaces/ros2_aruco_interfaces/msg/detail/aruco_markers__type_support.c
[0.974s] -- Up-to-date: /home/cc/ee106a/fa26/class/ee106a-act/ros_workspaces/lab4/install/ros2_aruco_interfaces/include/ros2_aruco_interfaces/ros2_aruco_interfaces/msg/rosidl_typesupport_introspection_c__visibility_control.h
[0.976s] -- Up-to-date: /home/cc/ee106a/fa26/class/ee106a-act/ros_workspaces/lab4/install/ros2_aruco_interfaces/lib/libros2_aruco_interfaces__rosidl_typesupport_introspection_c.so
[0.980s] -- Up-to-date: /home/cc/ee106a/fa26/class/ee106a-act/ros_workspaces/lab4/install/ros2_aruco_interfaces/lib/libros2_aruco_interfaces__rosidl_typesupport_c.so
[0.983s] -- Up-to-date: /home/cc/ee106a/fa26/class/ee106a-act/ros_workspaces/lab4/install/ros2_aruco_interfaces/include/ros2_aruco_interfaces/ros2_aruco_interfaces
[0.985s] -- Up-to-date: /home/cc/ee106a/fa26/class/ee106a-act/ros_workspaces/lab4/install/ros2_aruco_interfaces/include/ros2_aruco_interfaces/ros2_aruco_interfaces/msg
[0.986s] -- Up-to-date: /home/cc/ee106a/fa26/class/ee106a-act/ros_workspaces/lab4/install/ros2_aruco_interfaces/include/ros2_aruco_interfaces/ros2_aruco_interfaces/msg/detail
[0.988s] -- Up-to-date: /home/cc/ee106a/fa26/class/ee106a-act/ros_workspaces/lab4/install/ros2_aruco_interfaces/include/ros2_aruco_interfaces/ros2_aruco_interfaces/msg/detail/aruco_markers__type_support.cpp
[0.989s] -- Up-to-date: /home/cc/ee106a/fa26/class/ee106a-act/ros_workspaces/lab4/install/ros2_aruco_interfaces/include/ros2_aruco_interfaces/ros2_aruco_interfaces/msg/detail/aruco_markers__rosidl_typesupport_introspection_cpp.hpp
[0.992s] -- Up-to-date: /home/cc/ee106a/fa26/class/ee106a-act/ros_workspaces/lab4/install/ros2_aruco_interfaces/lib/libros2_aruco_interfaces__rosidl_typesupport_introspection_cpp.so
[0.998s] -- Up-to-date: /home/cc/ee106a/fa26/class/ee106a-act/ros_workspaces/lab4/install/ros2_aruco_interfaces/lib/libros2_aruco_interfaces__rosidl_typesupport_cpp.so
[1.002s] -- Up-to-date: /home/cc/ee106a/fa26/class/ee106a-act/ros_workspaces/lab4/install/ros2_aruco_interfaces/share/ros2_aruco_interfaces/environment/pythonpath.sh
[1.003s] -- Up-to-date: /home/cc/ee106a/fa26/class/ee106a-act/ros_workspaces/lab4/install/ros2_aruco_interfaces/share/ros2_aruco_interfaces/environment/pythonpath.dsv
[1.006s] -- Up-to-date: /home/cc/ee106a/fa26/class/ee106a-act/ros_workspaces/lab4/install/ros2_aruco_interfaces/local/lib/python3.10/dist-packages/ros2_aruco_interfaces-0.1.0-py3.10.egg-info
[1.008s] -- Installing: /home/cc/ee106a/fa26/class/ee106a-act/ros_workspaces/lab4/install/ros2_aruco_interfaces/local/lib/python3.10/dist-packages/ros2_aruco_interfaces-0.1.0-py3.10.egg-info/dependency_links.txt
[1.056s] -- Installing: /home/cc/ee106a/fa26/class/ee106a-act/ros_workspaces/lab4/install/ros2_aruco_interfaces/local/lib/python3.10/dist-packages/ros2_aruco_interfaces-0.1.0-py3.10.egg-info/top_level.txt
[1.063s] -- Installing: /home/cc/ee106a/fa26/class/ee106a-act/ros_workspaces/lab4/install/ros2_aruco_interfaces/local/lib/python3.10/dist-packages/ros2_aruco_interfaces-0.1.0-py3.10.egg-info/PKG-INFO
[1.070s] -- Installing: /home/cc/ee106a/fa26/class/ee106a-act/ros_workspaces/lab4/install/ros2_aruco_interfaces/local/lib/python3.10/dist-packages/ros2_aruco_interfaces-0.1.0-py3.10.egg-info/SOURCES.txt
[1.077s] -- Up-to-date: /home/cc/ee106a/fa26/class/ee106a-act/ros_workspaces/lab4/install/ros2_aruco_interfaces/local/lib/python3.10/dist-packages/ros2_aruco_interfaces
[1.079s] -- Up-to-date: /home/cc/ee106a/fa26/class/ee106a-act/ros_workspaces/lab4/install/ros2_aruco_interfaces/local/lib/python3.10/dist-packages/ros2_aruco_interfaces/_ros2_aruco_interfaces_s.ep.rosidl_typesupport_c.c
[1.080s] -- Up-to-date: /home/cc/ee106a/fa26/class/ee106a-act/ros_workspaces/lab4/install/ros2_aruco_interfaces/local/lib/python3.10/dist-packages/ros2_aruco_interfaces/msg
[1.081s] -- Up-to-date: /home/cc/ee106a/fa26/class/ee106a-act/ros_workspaces/lab4/install/ros2_aruco_interfaces/local/lib/python3.10/dist-packages/ros2_aruco_interfaces/msg/__init__.py
[1.083s] -- Up-to-date: /home/cc/ee106a/fa26/class/ee106a-act/ros_workspaces/lab4/install/ros2_aruco_interfaces/local/lib/python3.10/dist-packages/ros2_aruco_interfaces/msg/_aruco_markers_s.c
[1.084s] -- Up-to-date: /home/cc/ee106a/fa26/class/ee106a-act/ros_workspaces/lab4/install/ros2_aruco_interfaces/local/lib/python3.10/dist-packages/ros2_aruco_interfaces/msg/_aruco_markers.py
[1.085s] -- Up-to-date: /home/cc/ee106a/fa26/class/ee106a-act/ros_workspaces/lab4/install/ros2_aruco_interfaces/local/lib/python3.10/dist-packages/ros2_aruco_interfaces/__init__.py
[1.086s] -- Up-to-date: /home/cc/ee106a/fa26/class/ee106a-act/ros_workspaces/lab4/install/ros2_aruco_interfaces/local/lib/python3.10/dist-packages/ros2_aruco_interfaces/_ros2_aruco_interfaces_s.ep.rosidl_typesupport_introspection_c.c
[1.087s] -- Up-to-date: /home/cc/ee106a/fa26/class/ee106a-act/ros_workspaces/lab4/install/ros2_aruco_interfaces/local/lib/python3.10/dist-packages/ros2_aruco_interfaces/ros2_aruco_interfaces_s__rosidl_typesupport_introspection_c.cpython-310-x86_64-linux-gnu.so
[1.088s] -- Up-to-date: /home/cc/ee106a/fa26/class/ee106a-act/ros_workspaces/lab4/install/ros2_aruco_interfaces/local/lib/python3.10/dist-packages/ros2_aruco_interfaces/_ros2_aruco_interfaces_s.ep.rosidl_typesupport_fastrtps_c.c
[1.090s] -- Up-to-date: /home/cc/ee106a/fa26/class/ee106a-act/ros_workspaces/lab4/install/ros2_aruco_interfaces/local/lib/python3.10/dist-packages/ros2_aruco_interfaces/ros2_aruco_interfaces_s__rosidl_typesupport_c.cpython-310-x86_64-linux-gnu.so
[1.091s] -- Up-to-date: /home/cc/ee106a/fa26/class/ee106a-act/ros_workspaces/lab4/install/ros2_aruco_interfaces/local/lib/python3.10/dist-packages/ros2_aruco_interfaces/ros2_aruco_interfaces_s__rosidl_typesupport_fastrtps_c.cpython-310-x86_64-linux-gnu.so
[1.092s] -- Up-to-date: /home/cc/ee106a/fa26/class/ee106a-act/ros_workspaces/lab4/install/ros2_aruco_interfaces/local/lib/python3.10/dist-packages/ros2_aruco_interfaces/libros2_aruco_interfaces__rosidl_generator_py.so
[1.170s] Listing '/home/cc/ee106a/fa26/class/ee106a-act/ros_workspaces/lab4/install/ros2_aruco_interfaces/local/lib/python3.10/dist-packages/ros2_aruco_interfaces'...
[1.170s] Listing '/home/cc/ee106a/fa26/class/ee106a-act/ros_workspaces/lab4/install/ros2_aruco_interfaces/local/lib/python3.10/dist-packages/ros2_aruco_interfaces/msg'...
[1.174s] -- Up-to-date: /home/cc/ee106a/fa26/class/ee106a-act/ros_workspaces/lab4/install/ros2_aruco_interfaces/local/lib/python3.10/dist-packages/ros2_aruco_interfaces/ros2_aruco_interfaces_s__rosidl_typesupport_fastrtps_c.cpython-310-x86_64-linux-gnu.so
[1.179s] -- Up-to-date: /home/cc/ee106a/fa26/class/ee106a-act/ros_workspaces/lab4/install/ros2_aruco_interfaces/local/lib/python3.10/dist-packages/ros2_aruco_interfaces/ros2_aruco_interfaces_s__rosidl_typesupport_introspection_c.cpython-310-x86_64-linux-gnu.so
[1.184s] -- Up-to-date: /home/cc/ee106a/fa26/class/ee106a-act/ros_workspaces/lab4/install/ros2_aruco_interfaces/local/lib/python3.10/dist-packages/ros2_aruco_interfaces/ros2_aruco_interfaces_s__rosidl_typesupport_c.cpython-310-x86_64-linux-gnu.so
[1.188s] -- Up-to-date: /home/cc/ee106a/fa26/class/ee106a-act/ros_workspaces/lab4/install/ros2_aruco_interfaces/lib/libros2_aruco_interfaces__rosidl_generator_py.so
[1.192s] -- Up-to-date: /home/cc/ee106a/fa26/class/ee106a-act/ros_workspaces/lab4/install/ros2_aruco_interfaces/share/ament_index/resource_index/rust_packages/ros2_aruco_interfaces
[1.193s] -- Up-to-date: /home/cc/ee106a/fa26/class/ee106a-act/ros_workspaces/lab4/install/ros2_aruco_interfaces/share/ros2_aruco_interfaces/rust
[1.194s] -- Up-to-date: /home/cc/ee106a/fa26/class/ee106a-act/ros_workspaces/lab4/install/ros2_aruco_interfaces/share/ros2_aruco_interfaces/rust/src
[1.196s] -- Up-to-date: /home/cc/ee106a/fa26/class/ee106a-act/ros_workspaces/lab4/install/ros2_aruco_interfaces/share/ros2_aruco_interfaces/rust/src/msg
[1.197s] -- Up-to-date: /home/cc/ee106a/fa26/class/ee106a-act/ros_workspaces/lab4/install/ros2_aruco_interfaces/share/ros2_aruco_interfaces/rust/src/msg/rmw.rs
[1.198s] -- Up-to-date: /home/cc/ee106a/fa26/class/ee106a-act/ros_workspaces/lab4/install/ros2_aruco_interfaces/share/ros2_aruco_interfaces/rust/src/msg.rs
[1.199s] -- Up-to-date: /home/cc/ee106a/fa26/class/ee106a-act/ros_workspaces/lab4/install/ros2_aruco_interfaces/share/ros2_aruco_interfaces/rust/src/lib.rs
[1.200s] -- Up-to-date: /home/cc/ee106a/fa26/class/ee106a-act/ros_workspaces/lab4/install/ros2_aruco_interfaces/share/ros2_aruco_interfaces/rust/build.rs
[1.201s] -- Up-to-date: /home/cc/ee106a/fa26/class/ee106a-act/ros_workspaces/lab4/install/ros2_aruco_interfaces/share/ros2_aruco_interfaces/rust/Cargo.toml
[1.203s] -- Up-to-date: /home/cc/ee106a/fa26/class/ee106a-act/ros_workspaces/lab4/install/ros2_aruco_interfaces/share/ros2_aruco_interfaces/msg/ArucoMarkers.idl
[1.204s] -- Up-to-date: /home/cc/ee106a/fa26/class/ee106a-act/ros_workspaces/lab4/install/ros2_aruco_interfaces/share/ros2_aruco_interfaces/msg/ArucoMarkers.msg
[1.206s] -- Up-to-date: /home/cc/ee106a/fa26/class/ee106a-act/ros_workspaces/lab4/install/ros2_aruco_interfaces/share/ament_index/resource_index/package_run_dependencies/ros2_aruco_interfaces
[1.208s] -- Up-to-date: /home/cc/ee106a/fa26/class/ee106a-act/ros_workspaces/lab4/install/ros2_aruco_interfaces/share/ament_index/resource_index/parent_prefix_path/ros2_aruco_interfaces
[1.209s] -- Up-to-date: /home/cc/ee106a/fa26/class/ee106a-act/ros_workspaces/lab4/install/ros2_aruco_interfaces/share/ros2_aruco_interfaces/environment/ament_prefix_path.sh
[1.211s] -- Up-to-date: /home/cc/ee106a/fa26/class/ee106a-act/ros_workspaces/lab4/install/ros2_aruco_interfaces/share/ros2_aruco_interfaces/environment/ament_prefix_path.dsv
[1.212s] -- Up-to-date: /home/cc/ee106a/fa26/class/ee106a-act/ros_workspaces/lab4/install/ros2_aruco_interfaces/share/ros2_aruco_interfaces/environment/path.sh
[1.214s] -- Up-to-date: /home/cc/ee106a/fa26/class/ee106a-act/ros_workspaces/lab4/install/ros2_aruco_interfaces/share/ros2_aruco_interfaces/environment/path.dsv
[1.214s] -- Up-to-date: /home/cc/ee106a/fa26/class/ee106a-act/ros_workspaces/lab4/install/ros2_aruco_interfaces/share/ros2_aruco_interfaces/local_setup.bash
[1.215s] -- Up-to-date: /home/cc/ee106a/fa26/class/ee106a-act/ros_workspaces/lab4/install/ros2_aruco_interfaces/share/ros2_aruco_interfaces/local_setup.sh
[1.217s] -- Up-to-date: /home/cc/ee106a/fa26/class/ee106a-act/ros_workspaces/lab4/install/ros2_aruco_interfaces/share/ros2_aruco_interfaces/local_setup.zsh
[1.218s] -- Up-to-date: /home/cc/ee106a/fa26/class/ee106a-act/ros_workspaces/lab4/install/ros2_aruco_interfaces/share/ros2_aruco_interfaces/local_setup.dsv
[1.220s] -- Installing: /home/cc/ee106a/fa26/class/ee106a-act/ros_workspaces/lab4/install/ros2_aruco_interfaces/share/ros2_aruco_interfaces/package.dsv
[1.228s] -- Up-to-date: /home/cc/ee106a/fa26/class/ee106a-act/ros_workspaces/lab4/install/ros2_aruco_interfaces/share/ament_index/resource_index/packages/ros2_aruco_interfaces
[1.234s] -- Up-to-date: /home/cc/ee106a/fa26/class/ee106a-act/ros_workspaces/lab4/install/ros2_aruco_interfaces/share/ros2_aruco_interfaces/cmake/export_ros2_aruco_interfaces__rosidl_generator_cExport.cmake
[1.247s] -- Up-to-date: /home/cc/ee106a/fa26/class/ee106a-act/ros_workspaces/lab4/install/ros2_aruco_interfaces/share/ros2_aruco_interfaces/cmake/export_ros2_aruco_interfaces__rosidl_generator_cExport-noconfig.cmake
[1.247s] -- Up-to-date: /home/cc/ee106a/fa26/class/ee106a-act/ros_workspaces/lab4/install/ros2_aruco_interfaces/share/ros2_aruco_interfaces/cmake/export_ros2_aruco_interfaces__rosidl_typesupport_fastrtps_cExport.cmake
[1.247s] -- Up-to-date: /home/cc/ee106a/fa26/class/ee106a-act/ros_workspaces/lab4/install/ros2_aruco_interfaces/share/ros2_aruco_interfaces/cmake/export_ros2_aruco_interfaces__rosidl_typesupport_fastrtps_cExport-noconfig.cmake
[1.247s] -- Up-to-date: /home/cc/ee106a/fa26/class/ee106a-act/ros_workspaces/lab4/install/ros2_aruco_interfaces/share/ros2_aruco_interfaces/cmake/export_ros2_aruco_interfaces__rosidl_generator_cppExport.cmake
[1.249s] -- Up-to-date: /home/cc/ee106a/fa26/class/ee106a-act/ros_workspaces/lab4/install/ros2_aruco_interfaces/share/ros2_aruco_interfaces/cmake/export_ros2_aruco_interfaces__rosidl_typesupport_fastrtps_cppExport.cmake
[1.251s] -- Up-to-date: /home/cc/ee106a/fa26/class/ee106a-act/ros_workspaces/lab4/install/ros2_aruco_interfaces/share/ros2_aruco_interfaces/cmake/export_ros2_aruco_interfaces__rosidl_typesupport_fastrtps_cppExport-noconfig.cmake
[1.254s] -- Up-to-date: /home/cc/ee106a/fa26/class/ee106a-act/ros_workspaces/lab4/install/ros2_aruco_interfaces/share/ros2_aruco_interfaces/cmake/ros2_aruco_interfaces__rosidl_typesupport_introspection_cExport.cmake
[1.256s] -- Up-to-date: /home/cc/ee106a/fa26/class/ee106a-act/ros_workspaces/lab4/install/ros2_aruco_interfaces/share/ros2_aruco_interfaces/cmake/ros2_aruco_interfaces__rosidl_typesupport_introspection_cExport-noconfig.cmake
[1.260s] -- Up-to-date: /home/cc/ee106a/fa26/class/ee106a-act/ros_workspaces/lab4/install/ros2_aruco_interfaces/share/ros2_aruco_interfaces/cmake/ros2_aruco_interfaces__rosidl_typesupport_cExport.cmake
[1.262s] -- Up-to-date: /home/cc/ee106a/fa26/class/ee106a-act/ros_workspaces/lab4/install/ros2_aruco_interfaces/share/ros2_aruco_interfaces/cmake/ros2_aruco_interfaces__rosidl_typesupport_cExport-noconfig.cmake
[1.266s] -- Up-to-date: /home/cc/ee106a/fa26/class/ee106a-act/ros_workspaces/lab4/install/ros2_aruco_interfaces/share/ros2_aruco_interfaces/cmake/ros2_aruco_interfaces__rosidl_typesupport_introspection_cppExport.cmake
[1.267s] -- Up-to-date: /home/cc/ee106a/fa26/class/ee106a-act/ros_workspaces/lab4/install/ros2_aruco_interfaces/share/ros2_aruco_interfaces/cmake/ros2_aruco_interfaces__rosidl_typesupport_introspection_cppExport-noconfig.cmake
[1.270s] -- Up-to-date: /home/cc/ee106a/fa26/class/ee106a-act/ros_workspaces/lab4/install/ros2_aruco_interfaces/share/ros2_aruco_interfaces/cmake/ros2_aruco_interfaces__rosidl_typesupport_cppExport.cmake
[1.272s] -- Up-to-date: /home/cc/ee106a/fa26/class/ee106a-act/ros_workspaces/lab4/install/ros2_aruco_interfaces/share/ros2_aruco_interfaces/cmake/ros2_aruco_interfaces__rosidl_typesupport_cppExport-noconfig.cmake
[1.285s] -- Up-to-date: /home/cc/ee106a/fa26/class/ee106a-act/ros_workspaces/lab4/install/ros2_aruco_interfaces/share/ros2_aruco_interfaces/cmake/export_ros2_aruco_interfaces__rosidl_generator_pyExport.cmake
[1.286s] -- Up-to-date: /home/cc/ee106a/fa26/class/ee106a-act/ros_workspaces/lab4/install/ros2_aruco_interfaces/share/ros2_aruco_interfaces/cmake/export_ros2_aruco_interfaces__rosidl_generator_pyExport-noconfig.cmake
[1.286s] -- Up-to-date: /home/cc/ee106a/fa26/class/ee106a-act/ros_workspaces/lab4/install/ros2_aruco_interfaces/share/ros2_aruco_interfaces/cmake/rosidl_cmake-extras.cmake
[1.286s] -- Up-to-date: /home/cc/ee106a/fa26/class/ee106a-act/ros_workspaces/lab4/install/ros2_aruco_interfaces/share/ros2_aruco_interfaces/cmake/ament_cmake_export_dependencies-extras.cmake
[1.286s] -- Up-to-date: /home/cc/ee106a/fa26/class/ee106a-act/ros_workspaces/lab4/install/ros2_aruco_interfaces/share/ros2_aruco_interfaces/cmake/ament_cmake_export_include_directories-extras.cmake
[1.286s] -- Up-to-date: /home/cc/ee106a/fa26/class/ee106a-act/ros_workspaces/lab4/install/ros2_aruco_interfaces/share/ros2_aruco_interfaces/cmake/ament_cmake_export_libraries-extras.cmake
[1.286s] -- Up-to-date: /home/cc/ee106a/fa26/class/ee106a-act/ros_workspaces/lab4/install/ros2_aruco_interfaces/share/ros2_aruco_interfaces/cmake/ament_cmake_export_targets-extras.cmake
[1.287s] -- Up-to-date: /home/cc/ee106a/fa26/class/ee106a-act/ros_workspaces/lab4/install/ros2_aruco_interfaces/share/ros2_aruco_interfaces/cmake/rosidl_cmake_export_typesupport_targets-extras.cmake
[1.288s] -- Up-to-date: /home/cc/ee106a/fa26/class/ee106a-act/ros_workspaces/lab4/install/ros2_aruco_interfaces/share/ros2_aruco_interfaces/cmake/rosidl_cmake_export_typesupport_libraries-extras.cmake
[1.289s] -- Up-to-date: /home/cc/ee106a/fa26/class/ee106a-act/ros_workspaces/lab4/install/ros2_aruco_interfaces/share/ros2_aruco_interfaces/cmake/rosidl_cmake_aggregate_target-extras.cmake
[1.291s] -- Up-to-date: /home/cc/ee106a/fa26/class/ee106a-act/ros_workspaces/lab4/install/ros2_aruco_interfaces/share/ros2_aruco_interfaces/cmake/ros2_aruco_interfacesConfig.cmake
[1.292s] -- Up-to-date: /home/cc/ee106a/fa26/class/ee106a-act/ros_workspaces/lab4/install/ros2_aruco_interfaces/share/ros2_aruco_interfaces/cmake/ros2_aruco_interfacesConfig-version.cmake
[1.293s] -- Up-to-date: /home/cc/ee106a/fa26/class/ee106a-act/ros_workspaces/lab4/install/ros2_aruco_interfaces/share/ros2_aruco_interfaces/package.xml
[1.561s] Invoked command in '/home/cc/ee106a/fa26/class/ee106a-act/ros_workspaces/lab4/build/ros2_aruco_interfaces' returned '0': CMAKE_PREFIX_PATH=${CMAKE_PREFIX_PATH}:/opt/ros/turtlebot3_ws/install/turtlebot3_teleop:/opt/ros/turtlebot3_ws/install/turtlebot3_example:/opt/ros/humble /usr/bin/cmake --install /home/cc/ee106a/fa26/class/ee106a-act/ros_workspaces/lab4/build/ros2_aruco_interfaces
