running egg_info
creating ../build/lab2_turtlesim/lab2_turtlesim.egg-info
writing ../build/lab2_turtlesim/lab2_turtlesim.egg-info/PKG-INFO
writing dependency_links to ../build/lab2_turtlesim/lab2_turtlesim.egg-info/dependency_links.txt
writing entry points to ../build/lab2_turtlesim/lab2_turtlesim.egg-info/entry_points.txt
writing requirements to ../build/lab2_turtlesim/lab2_turtlesim.egg-info/requires.txt
writing top-level names to ../build/lab2_turtlesim/lab2_turtlesim.egg-info/top_level.txt
writing manifest file '../build/lab2_turtlesim/lab2_turtlesim.egg-info/SOURCES.txt'
reading manifest file '../build/lab2_turtlesim/lab2_turtlesim.egg-info/SOURCES.txt'
writing manifest file '../build/lab2_turtlesim/lab2_turtlesim.egg-info/SOURCES.txt'
running build
running build_py
creating /home/cc/ee106a/fa26/class/ee106a-act/ros_workspaces/lab2/src/build/lab2_turtlesim/build
creating /home/cc/ee106a/fa26/class/ee106a-act/ros_workspaces/lab2/src/build/lab2_turtlesim/build/lib
creating /home/cc/ee106a/fa26/class/ee106a-act/ros_workspaces/lab2/src/build/lab2_turtlesim/build/lib/lab2_turtlesim
copying lab2_turtlesim/move_turtle.py -> /home/cc/ee106a/fa26/class/ee106a-act/ros_workspaces/lab2/src/build/lab2_turtlesim/build/lib/lab2_turtlesim
copying lab2_turtlesim/__init__.py -> /home/cc/ee106a/fa26/class/ee106a-act/ros_workspaces/lab2/src/build/lab2_turtlesim/build/lib/lab2_turtlesim
running install
running install_lib
creating /home/cc/ee106a/fa26/class/ee106a-act/ros_workspaces/lab2/src/install/lab2_turtlesim/lib/python3.10/site-packages/lab2_turtlesim
copying /home/cc/ee106a/fa26/class/ee106a-act/ros_workspaces/lab2/src/build/lab2_turtlesim/build/lib/lab2_turtlesim/move_turtle.py -> /home/cc/ee106a/fa26/class/ee106a-act/ros_workspaces/lab2/src/install/lab2_turtlesim/lib/python3.10/site-packages/lab2_turtlesim
copying /home/cc/ee106a/fa26/class/ee106a-act/ros_workspaces/lab2/src/build/lab2_turtlesim/build/lib/lab2_turtlesim/__init__.py -> /home/cc/ee106a/fa26/class/ee106a-act/ros_workspaces/lab2/src/install/lab2_turtlesim/lib/python3.10/site-packages/lab2_turtlesim
byte-compiling /home/cc/ee106a/fa26/class/ee106a-act/ros_workspaces/lab2/src/install/lab2_turtlesim/lib/python3.10/site-packages/lab2_turtlesim/move_turtle.py to move_turtle.cpython-310.pyc
byte-compiling /home/cc/ee106a/fa26/class/ee106a-act/ros_workspaces/lab2/src/install/lab2_turtlesim/lib/python3.10/site-packages/lab2_turtlesim/__init__.py to __init__.cpython-310.pyc
running install_data
creating /home/cc/ee106a/fa26/class/ee106a-act/ros_workspaces/lab2/src/install/lab2_turtlesim/share/ament_index
creating /home/cc/ee106a/fa26/class/ee106a-act/ros_workspaces/lab2/src/install/lab2_turtlesim/share/ament_index/resource_index
creating /home/cc/ee106a/fa26/class/ee106a-act/ros_workspaces/lab2/src/install/lab2_turtlesim/share/ament_index/resource_index/packages
copying resource/lab2_turtlesim -> /home/cc/ee106a/fa26/class/ee106a-act/ros_workspaces/lab2/src/install/lab2_turtlesim/share/ament_index/resource_index/packages
copying package.xml -> /home/cc/ee106a/fa26/class/ee106a-act/ros_workspaces/lab2/src/install/lab2_turtlesim/share/lab2_turtlesim
running install_egg_info
Copying ../build/lab2_turtlesim/lab2_turtlesim.egg-info to /home/cc/ee106a/fa26/class/ee106a-act/ros_workspaces/lab2/src/install/lab2_turtlesim/lib/python3.10/site-packages/lab2_turtlesim-0.0.0-py3.10.egg-info
running install_scripts
Installing turtle_controller script to /home/cc/ee106a/fa26/class/ee106a-act/ros_workspaces/lab2/src/install/lab2_turtlesim/lib/lab2_turtlesim
writing list of installed files to '/home/cc/ee106a/fa26/class/ee106a-act/ros_workspaces/lab2/src/build/lab2_turtlesim/install.log'
