[0.745s] Invoking command in '/home/cc/ee106a/fa26/class/ee106a-act/ros_workspaces/lab4/src/ros2_aruco/ros2_aruco': PYTHONPATH=/home/cc/ee106a/fa26/class/ee106a-act/ros_workspaces/lab4/build/ros2_aruco/prefix_override:/usr/lib/python3/dist-packages/colcon_core/task/python/colcon_distutils_commands:/home/cc/ee106a/fa26/class/ee106a-act/ros_workspaces/lab4/install/ros2_aruco/lib/python3.10/site-packages:${PYTHONPATH} /usr/bin/python3 -W ignore:setup.py install is deprecated -W ignore:easy_install command is deprecated setup.py egg_info --egg-base ../../../build/ros2_aruco build --build-base /home/cc/ee106a/fa26/class/ee106a-act/ros_workspaces/lab4/build/ros2_aruco/build install --record /home/cc/ee106a/fa26/class/ee106a-act/ros_workspaces/lab4/build/ros2_aruco/install.log --install-scripts $base/lib/ros2_aruco --single-version-externally-managed install_data
[0.941s] running egg_info
[0.943s] writing ../../../build/ros2_aruco/ros2_aruco.egg-info/PKG-INFO
[0.946s] writing dependency_links to ../../../build/ros2_aruco/ros2_aruco.egg-info/dependency_links.txt
[0.949s] writing entry points to ../../../build/ros2_aruco/ros2_aruco.egg-info/entry_points.txt
[0.951s] writing requirements to ../../../build/ros2_aruco/ros2_aruco.egg-info/requires.txt
[0.953s] writing top-level names to ../../../build/ros2_aruco/ros2_aruco.egg-info/top_level.txt
[0.959s] reading manifest file '../../../build/ros2_aruco/ros2_aruco.egg-info/SOURCES.txt'
[0.962s] writing manifest file '../../../build/ros2_aruco/ros2_aruco.egg-info/SOURCES.txt'
[0.964s] running build
[0.964s] running build_py
[0.965s] running install
[0.966s] running install_lib
[0.970s] running install_data
[0.971s] running install_egg_info
[0.973s] removing '/home/cc/ee106a/fa26/class/ee106a-act/ros_workspaces/lab4/install/ros2_aruco/lib/python3.10/site-packages/ros2_aruco-0.1.0-py3.10.egg-info' (and everything under it)
[0.983s] Copying ../../../build/ros2_aruco/ros2_aruco.egg-info to /home/cc/ee106a/fa26/class/ee106a-act/ros_workspaces/lab4/install/ros2_aruco/lib/python3.10/site-packages/ros2_aruco-0.1.0-py3.10.egg-info
[1.018s] running install_scripts
[1.038s] Installing aruco_generate_marker script to /home/cc/ee106a/fa26/class/ee106a-act/ros_workspaces/lab4/install/ros2_aruco/lib/ros2_aruco
[1.041s] Installing aruco_node script to /home/cc/ee106a/fa26/class/ee106a-act/ros_workspaces/lab4/install/ros2_aruco/lib/ros2_aruco
[1.044s] writing list of installed files to '/home/cc/ee106a/fa26/class/ee106a-act/ros_workspaces/lab4/build/ros2_aruco/install.log'
[1.061s] Invoked command in '/home/cc/ee106a/fa26/class/ee106a-act/ros_workspaces/lab4/src/ros2_aruco/ros2_aruco' returned '0': PYTHONPATH=/home/cc/ee106a/fa26/class/ee106a-act/ros_workspaces/lab4/build/ros2_aruco/prefix_override:/usr/lib/python3/dist-packages/colcon_core/task/python/colcon_distutils_commands:/home/cc/ee106a/fa26/class/ee106a-act/ros_workspaces/lab4/install/ros2_aruco/lib/python3.10/site-packages:${PYTHONPATH} /usr/bin/python3 -W ignore:setup.py install is deprecated -W ignore:easy_install command is deprecated setup.py egg_info --egg-base ../../../build/ros2_aruco build --build-base /home/cc/ee106a/fa26/class/ee106a-act/ros_workspaces/lab4/build/ros2_aruco/build install --record /home/cc/ee106a/fa26/class/ee106a-act/ros_workspaces/lab4/build/ros2_aruco/install.log --install-scripts $base/lib/ros2_aruco --single-version-externally-managed install_data
