running egg_info
creating ../../build/tf_listener/tf_listener.egg-info
writing ../../build/tf_listener/tf_listener.egg-info/PKG-INFO
writing dependency_links to ../../build/tf_listener/tf_listener.egg-info/dependency_links.txt
writing entry points to ../../build/tf_listener/tf_listener.egg-info/entry_points.txt
writing requirements to ../../build/tf_listener/tf_listener.egg-info/requires.txt
writing top-level names to ../../build/tf_listener/tf_listener.egg-info/top_level.txt
writing manifest file '../../build/tf_listener/tf_listener.egg-info/SOURCES.txt'
reading manifest file '../../build/tf_listener/tf_listener.egg-info/SOURCES.txt'
writing manifest file '../../build/tf_listener/tf_listener.egg-info/SOURCES.txt'
running build
running build_py
creating /home/cc/ee106a/fa26/class/ee106a-act/ros_workspaces/lab3/build/tf_listener/build
creating /home/cc/ee106a/fa26/class/ee106a-act/ros_workspaces/lab3/build/tf_listener/build/lib
creating /home/cc/ee106a/fa26/class/ee106a-act/ros_workspaces/lab3/build/tf_listener/build/lib/tf_listener
copying tf_listener/__init__.py -> /home/cc/ee106a/fa26/class/ee106a-act/ros_workspaces/lab3/build/tf_listener/build/lib/tf_listener
copying tf_listener/tf_listener.py -> /home/cc/ee106a/fa26/class/ee106a-act/ros_workspaces/lab3/build/tf_listener/build/lib/tf_listener
running install
running install_lib
creating /home/cc/ee106a/fa26/class/ee106a-act/ros_workspaces/lab3/install/tf_listener/lib/python3.10/site-packages/tf_listener
copying /home/cc/ee106a/fa26/class/ee106a-act/ros_workspaces/lab3/build/tf_listener/build/lib/tf_listener/__init__.py -> /home/cc/ee106a/fa26/class/ee106a-act/ros_workspaces/lab3/install/tf_listener/lib/python3.10/site-packages/tf_listener
copying /home/cc/ee106a/fa26/class/ee106a-act/ros_workspaces/lab3/build/tf_listener/build/lib/tf_listener/tf_listener.py -> /home/cc/ee106a/fa26/class/ee106a-act/ros_workspaces/lab3/install/tf_listener/lib/python3.10/site-packages/tf_listener
byte-compiling /home/cc/ee106a/fa26/class/ee106a-act/ros_workspaces/lab3/install/tf_listener/lib/python3.10/site-packages/tf_listener/__init__.py to __init__.cpython-310.pyc
byte-compiling /home/cc/ee106a/fa26/class/ee106a-act/ros_workspaces/lab3/install/tf_listener/lib/python3.10/site-packages/tf_listener/tf_listener.py to tf_listener.cpython-310.pyc
running install_data
creating /home/cc/ee106a/fa26/class/ee106a-act/ros_workspaces/lab3/install/tf_listener/share/ament_index
creating /home/cc/ee106a/fa26/class/ee106a-act/ros_workspaces/lab3/install/tf_listener/share/ament_index/resource_index
creating /home/cc/ee106a/fa26/class/ee106a-act/ros_workspaces/lab3/install/tf_listener/share/ament_index/resource_index/packages
copying resource/tf_listener -> /home/cc/ee106a/fa26/class/ee106a-act/ros_workspaces/lab3/install/tf_listener/share/ament_index/resource_index/packages
copying package.xml -> /home/cc/ee106a/fa26/class/ee106a-act/ros_workspaces/lab3/install/tf_listener/share/tf_listener
running install_egg_info
Copying ../../build/tf_listener/tf_listener.egg-info to /home/cc/ee106a/fa26/class/ee106a-act/ros_workspaces/lab3/install/tf_listener/lib/python3.10/site-packages/tf_listener-0.0.0-py3.10.egg-info
running install_scripts
writing list of installed files to '/home/cc/ee106a/fa26/class/ee106a-act/ros_workspaces/lab3/build/tf_listener/install.log'
