Traceback (most recent call last):
  File "/home/cc/ee106a/fa26/class/ee106a-act/ros_workspaces/lab4/src/ros2_aruco/ros2_aruco/setup.py", line 1, in <module>
    from setuptools import setup
  File "/usr/lib/python3/dist-packages/setuptools/__init__.py", line 16, in <module>
    import setuptools.version
  File "/usr/lib/python3/dist-packages/setuptools/version.py", line 1, in <module>
    import pkg_resources
  File "/usr/lib/python3/dist-packages/pkg_resources/__init__.py", line 33, in <module>
    import email.parser
  File "/usr/lib/python3.10/email/parser.py", line 12, in <module>
    from email.feedparser import FeedParser, BytesFeedParser
  File "/usr/lib/python3.10/email/feedparser.py", line 27, in <module>
    from email._policybase import compat32
  File "/usr/lib/python3.10/email/_policybase.py", line 7, in <module>
    from email import header
  File "/usr/lib/python3.10/email/header.py", line 17, in <module>
    import email.base64mime
  File "<frozen importlib._bootstrap>", line 1027, in _find_and_load
  File "<frozen importlib._bootstrap>", line 1006, in _find_and_load_unlocked
  File "<frozen importlib._bootstrap>", line 688, in _load_unlocked
  File "<frozen importlib._bootstrap_external>", line 879, in exec_module
  File "<frozen importlib._bootstrap_external>", line 975, in get_code
  File "<frozen importlib._bootstrap_external>", line 1074, in get_data
KeyboardInterrupt
