[0.342s] Invoking command in '/home/cc/ee106a/fa26/class/ee106a-act/ros_workspaces/lab4/build/ros2_aruco_interfaces': CMAKE_PREFIX_PATH=${CMAKE_PREFIX_PATH}:/home/cc/ee106a/fa26/class/ee106a-act/ros_workspaces/lab4/install/turtlebot_controller:/home/cc/ee106a/fa26/class/ee106a-act/ros_workspaces/lab4/install/ros2_aruco:/opt/ros/turtlebot3_ws/install/turtlebot3_teleop:/opt/ros/turtlebot3_ws/install/turtlebot3_example:/opt/ros/humble /usr/bin/cmake --build /home/cc/ee106a/fa26/class/ee106a-act/ros_workspaces/lab4/build/ros2_aruco_interfaces -- -j32 -l32
[0.530s] [  9%] Built target ros2_aruco_interfaces__rs
[0.532s] [ 12%] Built target ros2_aruco_interfaces__cpp
[0.535s] [ 15%] Built target ros2_aruco_interfaces__rosidl_generator_c
[0.617s] [ 15%] Built target ament_cmake_python_copy_ros2_aruco_interfaces
[0.666s] [ 62%] Built target ros2_aruco_interfaces__rosidl_typesupport_fastrtps_c
[0.667s] [ 71%] Built target ros2_aruco_interfaces__rosidl_typesupport_introspection_cpp
[0.667s] [ 68%] Built target ros2_aruco_interfaces__rosidl_typesupport_fastrtps_cpp
[0.668s] [ 68%] Built target ros2_aruco_interfaces__rosidl_typesupport_cpp
[0.668s] [ 71%] Built target ros2_aruco_interfaces__rosidl_typesupport_introspection_c
[0.668s] [ 71%] Built target ros2_aruco_interfaces__rosidl_typesupport_c
[0.698s] [ 71%] Built target ros2_aruco_interfaces
[0.731s] [ 75%] Built target ros2_aruco_interfaces__py
[0.768s] [ 81%] Built target ros2_aruco_interfaces__rosidl_generator_py
[0.818s] [100%] Built target ros2_aruco_interfaces__rosidl_typesupport_c__pyext
[0.818s] [100%] Built target ros2_aruco_interfaces__rosidl_typesupport_fastrtps_c__pyext
[0.818s] [100%] Built target ros2_aruco_interfaces__rosidl_typesupport_introspection_c__pyext
[0.908s] running egg_info
[0.910s] writing ros2_aruco_interfaces.egg-info/PKG-INFO
[0.933s] writing dependency_links to ros2_aruco_interfaces.egg-info/dependency_links.txt
[0.933s] writing top-level names to ros2_aruco_interfaces.egg-info/top_level.txt
[0.933s] reading manifest file 'ros2_aruco_interfaces.egg-info/SOURCES.txt'
[0.933s] writing manifest file 'ros2_aruco_interfaces.egg-info/SOURCES.txt'
[0.957s] [100%] Built target ament_cmake_python_build_ros2_aruco_interfaces_egg
[1.011s] Invoked command in '/home/cc/ee106a/fa26/class/ee106a-act/ros_workspaces/lab4/build/ros2_aruco_interfaces' returned '0': CMAKE_PREFIX_PATH=${CMAKE_PREFIX_PATH}:/home/cc/ee106a/fa26/class/ee106a-act/ros_workspaces/lab4/install/turtlebot_controller:/home/cc/ee106a/fa26/class/ee106a-act/ros_workspaces/lab4/install/ros2_aruco:/opt/ros/turtlebot3_ws/install/turtlebot3_teleop:/opt/ros/turtlebot3_ws/install/turtlebot3_example:/opt/ros/humble /usr/bin/cmake --build /home/cc/ee106a/fa26/class/ee106a-act/ros_workspaces/lab4/build/ros2_aruco_interfaces -- -j32 -l32
[1.014s] Invoking command in '/home/cc/ee106a/fa26/class/ee106a-act/ros_workspaces/lab4/build/ros2_aruco_interfaces': CMAKE_PREFIX_PATH=${CMAKE_PREFIX_PATH}:/home/cc/ee106a/fa26/class/ee106a-act/ros_workspaces/lab4/install/turtlebot_controller:/home/cc/ee106a/fa26/class/ee106a-act/ros_workspaces/lab4/install/ros2_aruco:/opt/ros/turtlebot3_ws/install/turtlebot3_teleop:/opt/ros/turtlebot3_ws/install/turtlebot3_example:/opt/ros/humble /usr/bin/cmake --install /home/cc/ee106a/fa26/class/ee106a-act/ros_workspaces/lab4/build/ros2_aruco_interfaces
[1.034s] -- Install configuration: ""
[1.035s] -- Up-to-date: /home/cc/ee106a/fa26/class/ee106a-act/ros_workspaces/lab4/install/ros2_aruco_interfaces/share/ament_index/resource_index/rosidl_interfaces/ros2_aruco_interfaces
[1.037s] -- Up-to-date: /home/cc/ee106a/fa26/class/ee106a-act/ros_workspaces/lab4/install/ros2_aruco_interfaces/include/ros2_aruco_interfaces/ros2_aruco_interfaces
[1.038s] -- Up-to-date: /home/cc/ee106a/fa26/class/ee106a-act/ros_workspaces/lab4/install/ros2_aruco_interfaces/include/ros2_aruco_interfaces/ros2_aruco_interfaces/msg
[1.040s] -- Up-to-date: /home/cc/ee106a/fa26/class/ee106a-act/ros_workspaces/lab4/install/ros2_aruco_interfaces/include/ros2_aruco_interfaces/ros2_aruco_interfaces/msg/rosidl_generator_c__visibility_control.h
[1.041s] -- Up-to-date: /home/cc/ee106a/fa26/class/ee106a-act/ros_workspaces/lab4/install/ros2_aruco_interfaces/include/ros2_aruco_interfaces/ros2_aruco_interfaces/msg/aruco_markers.h
[1.042s] -- Up-to-date: /home/cc/ee106a/fa26/class/ee106a-act/ros_workspaces/lab4/install/ros2_aruco_interfaces/include/ros2_aruco_interfaces/ros2_aruco_interfaces/msg/detail
[1.043s] -- Up-to-date: /home/cc/ee106a/fa26/class/ee106a-act/ros_workspaces/lab4/install/ros2_aruco_interfaces/include/ros2_aruco_interfaces/ros2_aruco_interfaces/msg/detail/aruco_markers__struct.h
[1.045s] -- Up-to-date: /home/cc/ee106a/fa26/class/ee106a-act/ros_workspaces/lab4/install/ros2_aruco_interfaces/include/ros2_aruco_interfaces/ros2_aruco_interfaces/msg/detail/aruco_markers__functions.h
[1.046s] -- Up-to-date: /home/cc/ee106a/fa26/class/ee106a-act/ros_workspaces/lab4/install/ros2_aruco_interfaces/include/ros2_aruco_interfaces/ros2_aruco_interfaces/msg/detail/aruco_markers__type_support.h
[1.046s] -- Up-to-date: /home/cc/ee106a/fa26/class/ee106a-act/ros_workspaces/lab4/install/ros2_aruco_interfaces/include/ros2_aruco_interfaces/ros2_aruco_interfaces/msg/detail/aruco_markers__functions.c
[1.048s] -- Up-to-date: /home/cc/ee106a/fa26/class/ee106a-act/ros_workspaces/lab4/install/ros2_aruco_interfaces/share/ros2_aruco_interfaces/environment/library_path.sh
[1.049s] -- Up-to-date: /home/cc/ee106a/fa26/class/ee106a-act/ros_workspaces/lab4/install/ros2_aruco_interfaces/share/ros2_aruco_interfaces/environment/library_path.dsv
[1.052s] -- Up-to-date: /home/cc/ee106a/fa26/class/ee106a-act/ros_workspaces/lab4/install/ros2_aruco_interfaces/lib/libros2_aruco_interfaces__rosidl_generator_c.so
[1.055s] -- Up-to-date: /home/cc/ee106a/fa26/class/ee106a-act/ros_workspaces/lab4/install/ros2_aruco_interfaces/include/ros2_aruco_interfaces/ros2_aruco_interfaces
[1.057s] -- Up-to-date: /home/cc/ee106a/fa26/class/ee106a-act/ros_workspaces/lab4/install/ros2_aruco_interfaces/include/ros2_aruco_interfaces/ros2_aruco_interfaces/msg
[1.058s] -- Up-to-date: /home/cc/ee106a/fa26/class/ee106a-act/ros_workspaces/lab4/install/ros2_aruco_interfaces/include/ros2_aruco_interfaces/ros2_aruco_interfaces/msg/rosidl_typesupport_fastrtps_c__visibility_control.h
[1.059s] -- Up-to-date: /home/cc/ee106a/fa26/class/ee106a-act/ros_workspaces/lab4/install/ros2_aruco_interfaces/include/ros2_aruco_interfaces/ros2_aruco_interfaces/msg/detail
[1.061s] -- Up-to-date: /home/cc/ee106a/fa26/class/ee106a-act/ros_workspaces/lab4/install/ros2_aruco_interfaces/include/ros2_aruco_interfaces/ros2_aruco_interfaces/msg/detail/aruco_markers__rosidl_typesupport_fastrtps_c.h
[1.064s] -- Up-to-date: /home/cc/ee106a/fa26/class/ee106a-act/ros_workspaces/lab4/install/ros2_aruco_interfaces/lib/libros2_aruco_interfaces__rosidl_typesupport_fastrtps_c.so
[1.068s] -- Up-to-date: /home/cc/ee106a/fa26/class/ee106a-act/ros_workspaces/lab4/install/ros2_aruco_interfaces/include/ros2_aruco_interfaces/ros2_aruco_interfaces
[1.069s] -- Up-to-date: /home/cc/ee106a/fa26/class/ee106a-act/ros_workspaces/lab4/install/ros2_aruco_interfaces/include/ros2_aruco_interfaces/ros2_aruco_interfaces/msg
[1.071s] -- Up-to-date: /home/cc/ee106a/fa26/class/ee106a-act/ros_workspaces/lab4/install/ros2_aruco_interfaces/include/ros2_aruco_interfaces/ros2_aruco_interfaces/msg/detail
[1.073s] -- Up-to-date: /home/cc/ee106a/fa26/class/ee106a-act/ros_workspaces/lab4/install/ros2_aruco_interfaces/include/ros2_aruco_interfaces/ros2_aruco_interfaces/msg/detail/aruco_markers__struct.hpp
[1.074s] -- Up-to-date: /home/cc/ee106a/fa26/class/ee106a-act/ros_workspaces/lab4/install/ros2_aruco_interfaces/include/ros2_aruco_interfaces/ros2_aruco_interfaces/msg/detail/aruco_markers__type_support.hpp
[1.075s] -- Up-to-date: /home/cc/ee106a/fa26/class/ee106a-act/ros_workspaces/lab4/install/ros2_aruco_interfaces/include/ros2_aruco_interfaces/ros2_aruco_interfaces/msg/detail/aruco_markers__traits.hpp
[1.076s] -- Up-to-date: /home/cc/ee106a/fa26/class/ee106a-act/ros_workspaces/lab4/install/ros2_aruco_interfaces/include/ros2_aruco_interfaces/ros2_aruco_interfaces/msg/detail/aruco_markers__builder.hpp
[1.077s] -- Up-to-date: /home/cc/ee106a/fa26/class/ee106a-act/ros_workspaces/lab4/install/ros2_aruco_interfaces/include/ros2_aruco_interfaces/ros2_aruco_interfaces/msg/rosidl_generator_cpp__visibility_control.hpp
[1.078s] -- Up-to-date: /home/cc/ee106a/fa26/class/ee106a-act/ros_workspaces/lab4/install/ros2_aruco_interfaces/include/ros2_aruco_interfaces/ros2_aruco_interfaces/msg/aruco_markers.hpp
[1.080s] -- Up-to-date: /home/cc/ee106a/fa26/class/ee106a-act/ros_workspaces/lab4/install/ros2_aruco_interfaces/include/ros2_aruco_interfaces/ros2_aruco_interfaces
[1.082s] -- Up-to-date: /home/cc/ee106a/fa26/class/ee106a-act/ros_workspaces/lab4/install/ros2_aruco_interfaces/include/ros2_aruco_interfaces/ros2_aruco_interfaces/msg
[1.084s] -- Up-to-date: /home/cc/ee106a/fa26/class/ee106a-act/ros_workspaces/lab4/install/ros2_aruco_interfaces/include/ros2_aruco_interfaces/ros2_aruco_interfaces/msg/rosidl_typesupport_fastrtps_cpp__visibility_control.h
[1.085s] -- Up-to-date: /home/cc/ee106a/fa26/class/ee106a-act/ros_workspaces/lab4/install/ros2_aruco_interfaces/include/ros2_aruco_interfaces/ros2_aruco_interfaces/msg/detail
[1.086s] -- Up-to-date: /home/cc/ee106a/fa26/class/ee106a-act/ros_workspaces/lab4/install/ros2_aruco_interfaces/include/ros2_aruco_interfaces/ros2_aruco_interfaces/msg/detail/dds_fastrtps
[1.088s] -- Up-to-date: /home/cc/ee106a/fa26/class/ee106a-act/ros_workspaces/lab4/install/ros2_aruco_interfaces/include/ros2_aruco_interfaces/ros2_aruco_interfaces/msg/detail/aruco_markers__rosidl_typesupport_fastrtps_cpp.hpp
[1.092s] -- Up-to-date: /home/cc/ee106a/fa26/class/ee106a-act/ros_workspaces/lab4/install/ros2_aruco_interfaces/lib/libros2_aruco_interfaces__rosidl_typesupport_fastrtps_cpp.so
[1.097s] -- Up-to-date: /home/cc/ee106a/fa26/class/ee106a-act/ros_workspaces/lab4/install/ros2_aruco_interfaces/include/ros2_aruco_interfaces/ros2_aruco_interfaces
[1.099s] -- Up-to-date: /home/cc/ee106a/fa26/class/ee106a-act/ros_workspaces/lab4/install/ros2_aruco_interfaces/include/ros2_aruco_interfaces/ros2_aruco_interfaces/msg
[1.101s] -- Up-to-date: /home/cc/ee106a/fa26/class/ee106a-act/ros_workspaces/lab4/install/ros2_aruco_interfaces/include/ros2_aruco_interfaces/ros2_aruco_interfaces/msg/detail
[1.102s] -- Up-to-date: /home/cc/ee106a/fa26/class/ee106a-act/ros_workspaces/lab4/install/ros2_aruco_interfaces/include/ros2_aruco_interfaces/ros2_aruco_interfaces/msg/detail/aruco_markers__rosidl_typesupport_introspection_c.h
[1.104s] -- Up-to-date: /home/cc/ee106a/fa26/class/ee106a-act/ros_workspaces/lab4/install/ros2_aruco_interfaces/include/ros2_aruco_interfaces/ros2_aruco_interfaces/msg/detail/aruco_markers__type_support.c
[1.105s] -- Up-to-date: /home/cc/ee106a/fa26/class/ee106a-act/ros_workspaces/lab4/install/ros2_aruco_interfaces/include/ros2_aruco_interfaces/ros2_aruco_interfaces/msg/rosidl_typesupport_introspection_c__visibility_control.h
[1.108s] -- Up-to-date: /home/cc/ee106a/fa26/class/ee106a-act/ros_workspaces/lab4/install/ros2_aruco_interfaces/lib/libros2_aruco_interfaces__rosidl_typesupport_introspection_c.so
[1.113s] -- Up-to-date: /home/cc/ee106a/fa26/class/ee106a-act/ros_workspaces/lab4/install/ros2_aruco_interfaces/lib/libros2_aruco_interfaces__rosidl_typesupport_c.so
[1.118s] -- Up-to-date: /home/cc/ee106a/fa26/class/ee106a-act/ros_workspaces/lab4/install/ros2_aruco_interfaces/include/ros2_aruco_interfaces/ros2_aruco_interfaces
[1.119s] -- Up-to-date: /home/cc/ee106a/fa26/class/ee106a-act/ros_workspaces/lab4/install/ros2_aruco_interfaces/include/ros2_aruco_interfaces/ros2_aruco_interfaces/msg
[1.121s] -- Up-to-date: /home/cc/ee106a/fa26/class/ee106a-act/ros_workspaces/lab4/install/ros2_aruco_interfaces/include/ros2_aruco_interfaces/ros2_aruco_interfaces/msg/detail
[1.123s] -- Up-to-date: /home/cc/ee106a/fa26/class/ee106a-act/ros_workspaces/lab4/install/ros2_aruco_interfaces/include/ros2_aruco_interfaces/ros2_aruco_interfaces/msg/detail/aruco_markers__type_support.cpp
[1.124s] -- Up-to-date: /home/cc/ee106a/fa26/class/ee106a-act/ros_workspaces/lab4/install/ros2_aruco_interfaces/include/ros2_aruco_interfaces/ros2_aruco_interfaces/msg/detail/aruco_markers__rosidl_typesupport_introspection_cpp.hpp
[1.128s] -- Up-to-date: /home/cc/ee106a/fa26/class/ee106a-act/ros_workspaces/lab4/install/ros2_aruco_interfaces/lib/libros2_aruco_interfaces__rosidl_typesupport_introspection_cpp.so
[1.134s] -- Up-to-date: /home/cc/ee106a/fa26/class/ee106a-act/ros_workspaces/lab4/install/ros2_aruco_interfaces/lib/libros2_aruco_interfaces__rosidl_typesupport_cpp.so
[1.138s] -- Up-to-date: /home/cc/ee106a/fa26/class/ee106a-act/ros_workspaces/lab4/install/ros2_aruco_interfaces/share/ros2_aruco_interfaces/environment/pythonpath.sh
[1.139s] -- Up-to-date: /home/cc/ee106a/fa26/class/ee106a-act/ros_workspaces/lab4/install/ros2_aruco_interfaces/share/ros2_aruco_interfaces/environment/pythonpath.dsv
[1.140s] -- Up-to-date: /home/cc/ee106a/fa26/class/ee106a-act/ros_workspaces/lab4/install/ros2_aruco_interfaces/local/lib/python3.10/dist-packages/ros2_aruco_interfaces-0.1.0-py3.10.egg-info
[1.141s] -- Installing: /home/cc/ee106a/fa26/class/ee106a-act/ros_workspaces/lab4/install/ros2_aruco_interfaces/local/lib/python3.10/dist-packages/ros2_aruco_interfaces-0.1.0-py3.10.egg-info/dependency_links.txt
[1.148s] -- Installing: /home/cc/ee106a/fa26/class/ee106a-act/ros_workspaces/lab4/install/ros2_aruco_interfaces/local/lib/python3.10/dist-packages/ros2_aruco_interfaces-0.1.0-py3.10.egg-info/top_level.txt
[1.155s] -- Installing: /home/cc/ee106a/fa26/class/ee106a-act/ros_workspaces/lab4/install/ros2_aruco_interfaces/local/lib/python3.10/dist-packages/ros2_aruco_interfaces-0.1.0-py3.10.egg-info/PKG-INFO
[1.162s] -- Installing: /home/cc/ee106a/fa26/class/ee106a-act/ros_workspaces/lab4/install/ros2_aruco_interfaces/local/lib/python3.10/dist-packages/ros2_aruco_interfaces-0.1.0-py3.10.egg-info/SOURCES.txt
[1.169s] -- Up-to-date: /home/cc/ee106a/fa26/class/ee106a-act/ros_workspaces/lab4/install/ros2_aruco_interfaces/local/lib/python3.10/dist-packages/ros2_aruco_interfaces
[1.171s] -- Up-to-date: /home/cc/ee106a/fa26/class/ee106a-act/ros_workspaces/lab4/install/ros2_aruco_interfaces/local/lib/python3.10/dist-packages/ros2_aruco_interfaces/_ros2_aruco_interfaces_s.ep.rosidl_typesupport_c.c
[1.172s] -- Up-to-date: /home/cc/ee106a/fa26/class/ee106a-act/ros_workspaces/lab4/install/ros2_aruco_interfaces/local/lib/python3.10/dist-packages/ros2_aruco_interfaces/msg
[1.174s] -- Up-to-date: /home/cc/ee106a/fa26/class/ee106a-act/ros_workspaces/lab4/install/ros2_aruco_interfaces/local/lib/python3.10/dist-packages/ros2_aruco_interfaces/msg/__init__.py
[1.175s] -- Up-to-date: /home/cc/ee106a/fa26/class/ee106a-act/ros_workspaces/lab4/install/ros2_aruco_interfaces/local/lib/python3.10/dist-packages/ros2_aruco_interfaces/msg/_aruco_markers_s.c
[1.176s] -- Up-to-date: /home/cc/ee106a/fa26/class/ee106a-act/ros_workspaces/lab4/install/ros2_aruco_interfaces/local/lib/python3.10/dist-packages/ros2_aruco_interfaces/msg/_aruco_markers.py
[1.177s] -- Up-to-date: /home/cc/ee106a/fa26/class/ee106a-act/ros_workspaces/lab4/install/ros2_aruco_interfaces/local/lib/python3.10/dist-packages/ros2_aruco_interfaces/__init__.py
[1.178s] -- Up-to-date: /home/cc/ee106a/fa26/class/ee106a-act/ros_workspaces/lab4/install/ros2_aruco_interfaces/local/lib/python3.10/dist-packages/ros2_aruco_interfaces/_ros2_aruco_interfaces_s.ep.rosidl_typesupport_introspection_c.c
[1.179s] -- Up-to-date: /home/cc/ee106a/fa26/class/ee106a-act/ros_workspaces/lab4/install/ros2_aruco_interfaces/local/lib/python3.10/dist-packages/ros2_aruco_interfaces/ros2_aruco_interfaces_s__rosidl_typesupport_introspection_c.cpython-310-x86_64-linux-gnu.so
[1.180s] -- Up-to-date: /home/cc/ee106a/fa26/class/ee106a-act/ros_workspaces/lab4/install/ros2_aruco_interfaces/local/lib/python3.10/dist-packages/ros2_aruco_interfaces/_ros2_aruco_interfaces_s.ep.rosidl_typesupport_fastrtps_c.c
[1.181s] -- Up-to-date: /home/cc/ee106a/fa26/class/ee106a-act/ros_workspaces/lab4/install/ros2_aruco_interfaces/local/lib/python3.10/dist-packages/ros2_aruco_interfaces/ros2_aruco_interfaces_s__rosidl_typesupport_c.cpython-310-x86_64-linux-gnu.so
[1.182s] -- Up-to-date: /home/cc/ee106a/fa26/class/ee106a-act/ros_workspaces/lab4/install/ros2_aruco_interfaces/local/lib/python3.10/dist-packages/ros2_aruco_interfaces/ros2_aruco_interfaces_s__rosidl_typesupport_fastrtps_c.cpython-310-x86_64-linux-gnu.so
[1.184s] -- Up-to-date: /home/cc/ee106a/fa26/class/ee106a-act/ros_workspaces/lab4/install/ros2_aruco_interfaces/local/lib/python3.10/dist-packages/ros2_aruco_interfaces/libros2_aruco_interfaces__rosidl_generator_py.so
[1.242s] Listing '/home/cc/ee106a/fa26/class/ee106a-act/ros_workspaces/lab4/install/ros2_aruco_interfaces/local/lib/python3.10/dist-packages/ros2_aruco_interfaces'...
[1.242s] Listing '/home/cc/ee106a/fa26/class/ee106a-act/ros_workspaces/lab4/install/ros2_aruco_interfaces/local/lib/python3.10/dist-packages/ros2_aruco_interfaces/msg'...
[1.247s] -- Up-to-date: /home/cc/ee106a/fa26/class/ee106a-act/ros_workspaces/lab4/install/ros2_aruco_interfaces/local/lib/python3.10/dist-packages/ros2_aruco_interfaces/ros2_aruco_interfaces_s__rosidl_typesupport_fastrtps_c.cpython-310-x86_64-linux-gnu.so
[1.252s] -- Up-to-date: /home/cc/ee106a/fa26/class/ee106a-act/ros_workspaces/lab4/install/ros2_aruco_interfaces/local/lib/python3.10/dist-packages/ros2_aruco_interfaces/ros2_aruco_interfaces_s__rosidl_typesupport_introspection_c.cpython-310-x86_64-linux-gnu.so
[1.256s] -- Up-to-date: /home/cc/ee106a/fa26/class/ee106a-act/ros_workspaces/lab4/install/ros2_aruco_interfaces/local/lib/python3.10/dist-packages/ros2_aruco_interfaces/ros2_aruco_interfaces_s__rosidl_typesupport_c.cpython-310-x86_64-linux-gnu.so
[1.262s] -- Up-to-date: /home/cc/ee106a/fa26/class/ee106a-act/ros_workspaces/lab4/install/ros2_aruco_interfaces/lib/libros2_aruco_interfaces__rosidl_generator_py.so
[1.266s] -- Up-to-date: /home/cc/ee106a/fa26/class/ee106a-act/ros_workspaces/lab4/install/ros2_aruco_interfaces/share/ament_index/resource_index/rust_packages/ros2_aruco_interfaces
[1.267s] -- Up-to-date: /home/cc/ee106a/fa26/class/ee106a-act/ros_workspaces/lab4/install/ros2_aruco_interfaces/share/ros2_aruco_interfaces/rust
[1.269s] -- Up-to-date: /home/cc/ee106a/fa26/class/ee106a-act/ros_workspaces/lab4/install/ros2_aruco_interfaces/share/ros2_aruco_interfaces/rust/src
[1.270s] -- Up-to-date: /home/cc/ee106a/fa26/class/ee106a-act/ros_workspaces/lab4/install/ros2_aruco_interfaces/share/ros2_aruco_interfaces/rust/src/msg
[1.272s] -- Up-to-date: /home/cc/ee106a/fa26/class/ee106a-act/ros_workspaces/lab4/install/ros2_aruco_interfaces/share/ros2_aruco_interfaces/rust/src/msg/rmw.rs
[1.273s] -- Up-to-date: /home/cc/ee106a/fa26/class/ee106a-act/ros_workspaces/lab4/install/ros2_aruco_interfaces/share/ros2_aruco_interfaces/rust/src/msg.rs
[1.274s] -- Up-to-date: /home/cc/ee106a/fa26/class/ee106a-act/ros_workspaces/lab4/install/ros2_aruco_interfaces/share/ros2_aruco_interfaces/rust/src/lib.rs
[1.275s] -- Up-to-date: /home/cc/ee106a/fa26/class/ee106a-act/ros_workspaces/lab4/install/ros2_aruco_interfaces/share/ros2_aruco_interfaces/rust/build.rs
[1.276s] -- Up-to-date: /home/cc/ee106a/fa26/class/ee106a-act/ros_workspaces/lab4/install/ros2_aruco_interfaces/share/ros2_aruco_interfaces/rust/Cargo.toml
[1.278s] -- Up-to-date: /home/cc/ee106a/fa26/class/ee106a-act/ros_workspaces/lab4/install/ros2_aruco_interfaces/share/ros2_aruco_interfaces/msg/ArucoMarkers.idl
[1.279s] -- Up-to-date: /home/cc/ee106a/fa26/class/ee106a-act/ros_workspaces/lab4/install/ros2_aruco_interfaces/share/ros2_aruco_interfaces/msg/ArucoMarkers.msg
[1.280s] -- Up-to-date: /home/cc/ee106a/fa26/class/ee106a-act/ros_workspaces/lab4/install/ros2_aruco_interfaces/share/ament_index/resource_index/package_run_dependencies/ros2_aruco_interfaces
[1.282s] -- Up-to-date: /home/cc/ee106a/fa26/class/ee106a-act/ros_workspaces/lab4/install/ros2_aruco_interfaces/share/ament_index/resource_index/parent_prefix_path/ros2_aruco_interfaces
[1.283s] -- Up-to-date: /home/cc/ee106a/fa26/class/ee106a-act/ros_workspaces/lab4/install/ros2_aruco_interfaces/share/ros2_aruco_interfaces/environment/ament_prefix_path.sh
[1.285s] -- Up-to-date: /home/cc/ee106a/fa26/class/ee106a-act/ros_workspaces/lab4/install/ros2_aruco_interfaces/share/ros2_aruco_interfaces/environment/ament_prefix_path.dsv
[1.286s] -- Up-to-date: /home/cc/ee106a/fa26/class/ee106a-act/ros_workspaces/lab4/install/ros2_aruco_interfaces/share/ros2_aruco_interfaces/environment/path.sh
[1.288s] -- Up-to-date: /home/cc/ee106a/fa26/class/ee106a-act/ros_workspaces/lab4/install/ros2_aruco_interfaces/share/ros2_aruco_interfaces/environment/path.dsv
[1.289s] -- Up-to-date: /home/cc/ee106a/fa26/class/ee106a-act/ros_workspaces/lab4/install/ros2_aruco_interfaces/share/ros2_aruco_interfaces/local_setup.bash
[1.290s] -- Up-to-date: /home/cc/ee106a/fa26/class/ee106a-act/ros_workspaces/lab4/install/ros2_aruco_interfaces/share/ros2_aruco_interfaces/local_setup.sh
[1.291s] -- Up-to-date: /home/cc/ee106a/fa26/class/ee106a-act/ros_workspaces/lab4/install/ros2_aruco_interfaces/share/ros2_aruco_interfaces/local_setup.zsh
[1.293s] -- Up-to-date: /home/cc/ee106a/fa26/class/ee106a-act/ros_workspaces/lab4/install/ros2_aruco_interfaces/share/ros2_aruco_interfaces/local_setup.dsv
[1.294s] -- Installing: /home/cc/ee106a/fa26/class/ee106a-act/ros_workspaces/lab4/install/ros2_aruco_interfaces/share/ros2_aruco_interfaces/package.dsv
[1.302s] -- Up-to-date: /home/cc/ee106a/fa26/class/ee106a-act/ros_workspaces/lab4/install/ros2_aruco_interfaces/share/ament_index/resource_index/packages/ros2_aruco_interfaces
[1.306s] -- Up-to-date: /home/cc/ee106a/fa26/class/ee106a-act/ros_workspaces/lab4/install/ros2_aruco_interfaces/share/ros2_aruco_interfaces/cmake/export_ros2_aruco_interfaces__rosidl_generator_cExport.cmake
[1.307s] -- Up-to-date: /home/cc/ee106a/fa26/class/ee106a-act/ros_workspaces/lab4/install/ros2_aruco_interfaces/share/ros2_aruco_interfaces/cmake/export_ros2_aruco_interfaces__rosidl_generator_cExport-noconfig.cmake
[1.311s] -- Up-to-date: /home/cc/ee106a/fa26/class/ee106a-act/ros_workspaces/lab4/install/ros2_aruco_interfaces/share/ros2_aruco_interfaces/cmake/export_ros2_aruco_interfaces__rosidl_typesupport_fastrtps_cExport.cmake
[1.312s] -- Up-to-date: /home/cc/ee106a/fa26/class/ee106a-act/ros_workspaces/lab4/install/ros2_aruco_interfaces/share/ros2_aruco_interfaces/cmake/export_ros2_aruco_interfaces__rosidl_typesupport_fastrtps_cExport-noconfig.cmake
[1.317s] -- Up-to-date: /home/cc/ee106a/fa26/class/ee106a-act/ros_workspaces/lab4/install/ros2_aruco_interfaces/share/ros2_aruco_interfaces/cmake/export_ros2_aruco_interfaces__rosidl_generator_cppExport.cmake
[1.321s] -- Up-to-date: /home/cc/ee106a/fa26/class/ee106a-act/ros_workspaces/lab4/install/ros2_aruco_interfaces/share/ros2_aruco_interfaces/cmake/export_ros2_aruco_interfaces__rosidl_typesupport_fastrtps_cppExport.cmake
[1.323s] -- Up-to-date: /home/cc/ee106a/fa26/class/ee106a-act/ros_workspaces/lab4/install/ros2_aruco_interfaces/share/ros2_aruco_interfaces/cmake/export_ros2_aruco_interfaces__rosidl_typesupport_fastrtps_cppExport-noconfig.cmake
[1.326s] -- Up-to-date: /home/cc/ee106a/fa26/class/ee106a-act/ros_workspaces/lab4/install/ros2_aruco_interfaces/share/ros2_aruco_interfaces/cmake/ros2_aruco_interfaces__rosidl_typesupport_introspection_cExport.cmake
[1.328s] -- Up-to-date: /home/cc/ee106a/fa26/class/ee106a-act/ros_workspaces/lab4/install/ros2_aruco_interfaces/share/ros2_aruco_interfaces/cmake/ros2_aruco_interfaces__rosidl_typesupport_introspection_cExport-noconfig.cmake
[1.331s] -- Up-to-date: /home/cc/ee106a/fa26/class/ee106a-act/ros_workspaces/lab4/install/ros2_aruco_interfaces/share/ros2_aruco_interfaces/cmake/ros2_aruco_interfaces__rosidl_typesupport_cExport.cmake
[1.333s] -- Up-to-date: /home/cc/ee106a/fa26/class/ee106a-act/ros_workspaces/lab4/install/ros2_aruco_interfaces/share/ros2_aruco_interfaces/cmake/ros2_aruco_interfaces__rosidl_typesupport_cExport-noconfig.cmake
[1.336s] -- Up-to-date: /home/cc/ee106a/fa26/class/ee106a-act/ros_workspaces/lab4/install/ros2_aruco_interfaces/share/ros2_aruco_interfaces/cmake/ros2_aruco_interfaces__rosidl_typesupport_introspection_cppExport.cmake
[1.338s] -- Up-to-date: /home/cc/ee106a/fa26/class/ee106a-act/ros_workspaces/lab4/install/ros2_aruco_interfaces/share/ros2_aruco_interfaces/cmake/ros2_aruco_interfaces__rosidl_typesupport_introspection_cppExport-noconfig.cmake
[1.341s] -- Up-to-date: /home/cc/ee106a/fa26/class/ee106a-act/ros_workspaces/lab4/install/ros2_aruco_interfaces/share/ros2_aruco_interfaces/cmake/ros2_aruco_interfaces__rosidl_typesupport_cppExport.cmake
[1.343s] -- Up-to-date: /home/cc/ee106a/fa26/class/ee106a-act/ros_workspaces/lab4/install/ros2_aruco_interfaces/share/ros2_aruco_interfaces/cmake/ros2_aruco_interfaces__rosidl_typesupport_cppExport-noconfig.cmake
[1.346s] -- Up-to-date: /home/cc/ee106a/fa26/class/ee106a-act/ros_workspaces/lab4/install/ros2_aruco_interfaces/share/ros2_aruco_interfaces/cmake/export_ros2_aruco_interfaces__rosidl_generator_pyExport.cmake
[1.348s] -- Up-to-date: /home/cc/ee106a/fa26/class/ee106a-act/ros_workspaces/lab4/install/ros2_aruco_interfaces/share/ros2_aruco_interfaces/cmake/export_ros2_aruco_interfaces__rosidl_generator_pyExport-noconfig.cmake
[1.349s] -- Up-to-date: /home/cc/ee106a/fa26/class/ee106a-act/ros_workspaces/lab4/install/ros2_aruco_interfaces/share/ros2_aruco_interfaces/cmake/rosidl_cmake-extras.cmake
[1.350s] -- Up-to-date: /home/cc/ee106a/fa26/class/ee106a-act/ros_workspaces/lab4/install/ros2_aruco_interfaces/share/ros2_aruco_interfaces/cmake/ament_cmake_export_dependencies-extras.cmake
[1.352s] -- Up-to-date: /home/cc/ee106a/fa26/class/ee106a-act/ros_workspaces/lab4/install/ros2_aruco_interfaces/share/ros2_aruco_interfaces/cmake/ament_cmake_export_include_directories-extras.cmake
[1.354s] -- Up-to-date: /home/cc/ee106a/fa26/class/ee106a-act/ros_workspaces/lab4/install/ros2_aruco_interfaces/share/ros2_aruco_interfaces/cmake/ament_cmake_export_libraries-extras.cmake
[1.355s] -- Up-to-date: /home/cc/ee106a/fa26/class/ee106a-act/ros_workspaces/lab4/install/ros2_aruco_interfaces/share/ros2_aruco_interfaces/cmake/ament_cmake_export_targets-extras.cmake
[1.357s] -- Up-to-date: /home/cc/ee106a/fa26/class/ee106a-act/ros_workspaces/lab4/install/ros2_aruco_interfaces/share/ros2_aruco_interfaces/cmake/rosidl_cmake_export_typesupport_targets-extras.cmake
[1.358s] -- Up-to-date: /home/cc/ee106a/fa26/class/ee106a-act/ros_workspaces/lab4/install/ros2_aruco_interfaces/share/ros2_aruco_interfaces/cmake/rosidl_cmake_export_typesupport_libraries-extras.cmake
[1.359s] -- Up-to-date: /home/cc/ee106a/fa26/class/ee106a-act/ros_workspaces/lab4/install/ros2_aruco_interfaces/share/ros2_aruco_interfaces/cmake/rosidl_cmake_aggregate_target-extras.cmake
[1.361s] -- Up-to-date: /home/cc/ee106a/fa26/class/ee106a-act/ros_workspaces/lab4/install/ros2_aruco_interfaces/share/ros2_aruco_interfaces/cmake/ros2_aruco_interfacesConfig.cmake
[1.362s] -- Up-to-date: /home/cc/ee106a/fa26/class/ee106a-act/ros_workspaces/lab4/install/ros2_aruco_interfaces/share/ros2_aruco_interfaces/cmake/ros2_aruco_interfacesConfig-version.cmake
[1.364s] -- Up-to-date: /home/cc/ee106a/fa26/class/ee106a-act/ros_workspaces/lab4/install/ros2_aruco_interfaces/share/ros2_aruco_interfaces/package.xml
[1.415s] Invoked command in '/home/cc/ee106a/fa26/class/ee106a-act/ros_workspaces/lab4/build/ros2_aruco_interfaces' returned '0': CMAKE_PREFIX_PATH=${CMAKE_PREFIX_PATH}:/home/cc/ee106a/fa26/class/ee106a-act/ros_workspaces/lab4/install/turtlebot_controller:/home/cc/ee106a/fa26/class/ee106a-act/ros_workspaces/lab4/install/ros2_aruco:/opt/ros/turtlebot3_ws/install/turtlebot3_teleop:/opt/ros/turtlebot3_ws/install/turtlebot3_example:/opt/ros/humble /usr/bin/cmake --install /home/cc/ee106a/fa26/class/ee106a-act/ros_workspaces/lab4/build/ros2_aruco_interfaces
