[7.476s] Invoking command in '/home/cc/ee106a/fa26/class/ee106a-act/ros_workspaces/lab2/src/turtle_patrol': PYTHONPATH=/home/cc/ee106a/fa26/class/ee106a-act/ros_workspaces/lab2/build/turtle_patrol/prefix_override:/usr/lib/python3/dist-packages/colcon_core/task/python/colcon_distutils_commands:/home/cc/ee106a/fa26/class/ee106a-act/ros_workspaces/lab2/install/turtle_patrol/lib/python3.10/site-packages:${PYTHONPATH} /usr/bin/python3 -W ignore:setup.py install is deprecated -W ignore:easy_install command is deprecated setup.py egg_info --egg-base ../../build/turtle_patrol build --build-base /home/cc/ee106a/fa26/class/ee106a-act/ros_workspaces/lab2/build/turtle_patrol/build install --record /home/cc/ee106a/fa26/class/ee106a-act/ros_workspaces/lab2/build/turtle_patrol/install.log --install-scripts $base/lib/turtle_patrol --single-version-externally-managed install_data
[8.955s] running egg_info
[8.958s] writing ../../build/turtle_patrol/turtle_patrol.egg-info/PKG-INFO
[8.964s] writing dependency_links to ../../build/turtle_patrol/turtle_patrol.egg-info/dependency_links.txt
[8.968s] writing entry points to ../../build/turtle_patrol/turtle_patrol.egg-info/entry_points.txt
[8.971s] writing requirements to ../../build/turtle_patrol/turtle_patrol.egg-info/requires.txt
[8.973s] writing top-level names to ../../build/turtle_patrol/turtle_patrol.egg-info/top_level.txt
[8.988s] reading manifest file '../../build/turtle_patrol/turtle_patrol.egg-info/SOURCES.txt'
[8.993s] writing manifest file '../../build/turtle_patrol/turtle_patrol.egg-info/SOURCES.txt'
[8.996s] running build
[8.996s] running build_py
[8.999s] running install
[9.000s] running install_lib
[9.008s] running install_data
[9.008s] running install_egg_info
[9.018s] removing '/home/cc/ee106a/fa26/class/ee106a-act/ros_workspaces/lab2/install/turtle_patrol/lib/python3.10/site-packages/turtle_patrol-0.0.0-py3.10.egg-info' (and everything under it)
[9.033s] Copying ../../build/turtle_patrol/turtle_patrol.egg-info to /home/cc/ee106a/fa26/class/ee106a-act/ros_workspaces/lab2/install/turtle_patrol/lib/python3.10/site-packages/turtle_patrol-0.0.0-py3.10.egg-info
[9.086s] running install_scripts
[9.166s] Installing patrol_client script to /home/cc/ee106a/fa26/class/ee106a-act/ros_workspaces/lab2/install/turtle_patrol/lib/turtle_patrol
[9.171s] Installing patrol_client_sol script to /home/cc/ee106a/fa26/class/ee106a-act/ros_workspaces/lab2/install/turtle_patrol/lib/turtle_patrol
[9.175s] Installing patrol_server script to /home/cc/ee106a/fa26/class/ee106a-act/ros_workspaces/lab2/install/turtle_patrol/lib/turtle_patrol
[9.182s] Installing patrol_server_sol script to /home/cc/ee106a/fa26/class/ee106a-act/ros_workspaces/lab2/install/turtle_patrol/lib/turtle_patrol
[9.187s] writing list of installed files to '/home/cc/ee106a/fa26/class/ee106a-act/ros_workspaces/lab2/build/turtle_patrol/install.log'
[9.268s] Invoked command in '/home/cc/ee106a/fa26/class/ee106a-act/ros_workspaces/lab2/src/turtle_patrol' returned '0': PYTHONPATH=/home/cc/ee106a/fa26/class/ee106a-act/ros_workspaces/lab2/build/turtle_patrol/prefix_override:/usr/lib/python3/dist-packages/colcon_core/task/python/colcon_distutils_commands:/home/cc/ee106a/fa26/class/ee106a-act/ros_workspaces/lab2/install/turtle_patrol/lib/python3.10/site-packages:${PYTHONPATH} /usr/bin/python3 -W ignore:setup.py install is deprecated -W ignore:easy_install command is deprecated setup.py egg_info --egg-base ../../build/turtle_patrol build --build-base /home/cc/ee106a/fa26/class/ee106a-act/ros_workspaces/lab2/build/turtle_patrol/build install --record /home/cc/ee106a/fa26/class/ee106a-act/ros_workspaces/lab2/build/turtle_patrol/install.log --install-scripts $base/lib/turtle_patrol --single-version-externally-managed install_data
