[11.452s] Invoking command in '/home/cc/ee106a/fa26/class/ee106a-act/ros_workspaces/lab2/src/turtle_patrol': PYTHONPATH=/home/cc/ee106a/fa26/class/ee106a-act/ros_workspaces/lab2/build/turtle_patrol/prefix_override:/usr/lib/python3/dist-packages/colcon_core/task/python/colcon_distutils_commands:/home/cc/ee106a/fa26/class/ee106a-act/ros_workspaces/lab2/install/turtle_patrol/lib/python3.10/site-packages:${PYTHONPATH} /usr/bin/python3 -W ignore:setup.py install is deprecated -W ignore:easy_install command is deprecated setup.py egg_info --egg-base ../../build/turtle_patrol build --build-base /home/cc/ee106a/fa26/class/ee106a-act/ros_workspaces/lab2/build/turtle_patrol/build install --record /home/cc/ee106a/fa26/class/ee106a-act/ros_workspaces/lab2/build/turtle_patrol/install.log --install-scripts $base/lib/turtle_patrol --single-version-externally-managed install_data
[13.002s] running egg_info
[13.005s] writing ../../build/turtle_patrol/turtle_patrol.egg-info/PKG-INFO
[13.010s] writing dependency_links to ../../build/turtle_patrol/turtle_patrol.egg-info/dependency_links.txt
[13.016s] writing entry points to ../../build/turtle_patrol/turtle_patrol.egg-info/entry_points.txt
[13.020s] writing requirements to ../../build/turtle_patrol/turtle_patrol.egg-info/requires.txt
[13.024s] writing top-level names to ../../build/turtle_patrol/turtle_patrol.egg-info/top_level.txt
[13.044s] reading manifest file '../../build/turtle_patrol/turtle_patrol.egg-info/SOURCES.txt'
[13.054s] writing manifest file '../../build/turtle_patrol/turtle_patrol.egg-info/SOURCES.txt'
[13.058s] running build
[13.058s] running build_py
[13.063s] copying turtle_patrol/patrol_client.py -> /home/cc/ee106a/fa26/class/ee106a-act/ros_workspaces/lab2/build/turtle_patrol/build/lib/turtle_patrol
[13.074s] copying turtle_patrol/patrol_server.py -> /home/cc/ee106a/fa26/class/ee106a-act/ros_workspaces/lab2/build/turtle_patrol/build/lib/turtle_patrol
[13.087s] running install
[13.088s] running install_lib
[13.095s] copying /home/cc/ee106a/fa26/class/ee106a-act/ros_workspaces/lab2/build/turtle_patrol/build/lib/turtle_patrol/patrol_server.py -> /home/cc/ee106a/fa26/class/ee106a-act/ros_workspaces/lab2/install/turtle_patrol/lib/python3.10/site-packages/turtle_patrol
[13.104s] copying /home/cc/ee106a/fa26/class/ee106a-act/ros_workspaces/lab2/build/turtle_patrol/build/lib/turtle_patrol/patrol_client.py -> /home/cc/ee106a/fa26/class/ee106a-act/ros_workspaces/lab2/install/turtle_patrol/lib/python3.10/site-packages/turtle_patrol
[13.117s] byte-compiling /home/cc/ee106a/fa26/class/ee106a-act/ros_workspaces/lab2/install/turtle_patrol/lib/python3.10/site-packages/turtle_patrol/patrol_server.py to patrol_server.cpython-310.pyc
[13.127s] byte-compiling /home/cc/ee106a/fa26/class/ee106a-act/ros_workspaces/lab2/install/turtle_patrol/lib/python3.10/site-packages/turtle_patrol/patrol_client.py to patrol_client.cpython-310.pyc
[13.135s] running install_data
[13.140s] running install_egg_info
[13.147s] removing '/home/cc/ee106a/fa26/class/ee106a-act/ros_workspaces/lab2/install/turtle_patrol/lib/python3.10/site-packages/turtle_patrol-0.0.0-py3.10.egg-info' (and everything under it)
[13.161s] Copying ../../build/turtle_patrol/turtle_patrol.egg-info to /home/cc/ee106a/fa26/class/ee106a-act/ros_workspaces/lab2/install/turtle_patrol/lib/python3.10/site-packages/turtle_patrol-0.0.0-py3.10.egg-info
[13.221s] running install_scripts
[13.301s] Installing patrol_client script to /home/cc/ee106a/fa26/class/ee106a-act/ros_workspaces/lab2/install/turtle_patrol/lib/turtle_patrol
[13.306s] Installing patrol_client_sol script to /home/cc/ee106a/fa26/class/ee106a-act/ros_workspaces/lab2/install/turtle_patrol/lib/turtle_patrol
[13.313s] Installing patrol_server script to /home/cc/ee106a/fa26/class/ee106a-act/ros_workspaces/lab2/install/turtle_patrol/lib/turtle_patrol
[13.318s] Installing patrol_server_sol script to /home/cc/ee106a/fa26/class/ee106a-act/ros_workspaces/lab2/install/turtle_patrol/lib/turtle_patrol
[13.327s] writing list of installed files to '/home/cc/ee106a/fa26/class/ee106a-act/ros_workspaces/lab2/build/turtle_patrol/install.log'
[13.488s] Invoked command in '/home/cc/ee106a/fa26/class/ee106a-act/ros_workspaces/lab2/src/turtle_patrol' returned '0': PYTHONPATH=/home/cc/ee106a/fa26/class/ee106a-act/ros_workspaces/lab2/build/turtle_patrol/prefix_override:/usr/lib/python3/dist-packages/colcon_core/task/python/colcon_distutils_commands:/home/cc/ee106a/fa26/class/ee106a-act/ros_workspaces/lab2/install/turtle_patrol/lib/python3.10/site-packages:${PYTHONPATH} /usr/bin/python3 -W ignore:setup.py install is deprecated -W ignore:easy_install command is deprecated setup.py egg_info --egg-base ../../build/turtle_patrol build --build-base /home/cc/ee106a/fa26/class/ee106a-act/ros_workspaces/lab2/build/turtle_patrol/build install --record /home/cc/ee106a/fa26/class/ee106a-act/ros_workspaces/lab2/build/turtle_patrol/install.log --install-scripts $base/lib/turtle_patrol --single-version-externally-managed install_data
